Modules list:
-------------
clib_rom.o:
    CODE              Offs=000000  Size=000001  Align=00001  Fill=0000
    RODATA            Offs=000000  Size=000000  Align=00001  Fill=0000
    BSS               Offs=000000  Size=000000  Align=00001  Fill=0000
    DATA              Offs=000000  Size=000000  Align=00001  Fill=0000
    ZEROPAGE          Offs=000000  Size=000000  Align=00001  Fill=0000
    NULL              Offs=000000  Size=000000  Align=00001  Fill=0000
    HEADER            Offs=000000  Size=000031  Align=00001  Fill=0000
../build/clib_rom.tmp.lib(staspidx.o):
    CODE              Offs=000001  Size=000016  Align=00001  Fill=0000
    RODATA            Offs=000000  Size=000000  Align=00001  Fill=0000
    BSS               Offs=000000  Size=000000  Align=00001  Fill=0000
    DATA              Offs=000000  Size=000000  Align=00001  Fill=0000
    ZEROPAGE          Offs=000000  Size=000000  Align=00001  Fill=0000
    NULL              Offs=000000  Size=000000  Align=00001  Fill=0000
../build/clib_rom.tmp.lib(shr.o):
    CODE              Offs=000017  Size=000034  Align=00001  Fill=0000
    RODATA            Offs=000000  Size=000000  Align=00001  Fill=0000
    BSS               Offs=000000  Size=000000  Align=00001  Fill=0000
    DATA              Offs=000000  Size=000000  Align=00001  Fill=0000
    ZEROPAGE          Offs=000000  Size=000000  Align=00001  Fill=0000
    NULL              Offs=000000  Size=000000  Align=00001  Fill=0000
../build/clib_rom.tmp.lib(shreax3.o):
    CODE              Offs=00004B  Size=00001A  Align=00001  Fill=0000
    RODATA            Offs=000000  Size=000000  Align=00001  Fill=0000
    BSS               Offs=000000  Size=000000  Align=00001  Fill=0000
    DATA              Offs=000000  Size=000000  Align=00001  Fill=0000
    ZEROPAGE          Offs=000000  Size=000000  Align=00001  Fill=0000
    NULL              Offs=000000  Size=000000  Align=00001  Fill=0000
../build/clib_rom.tmp.lib(return1.o):
    CODE              Offs=000065  Size=000005  Align=00001  Fill=0000
    RODATA            Offs=000000  Size=000000  Align=00001  Fill=0000
    BSS               Offs=000000  Size=000000  Align=00001  Fill=0000
    DATA              Offs=000000  Size=000000  Align=00001  Fill=0000
    ZEROPAGE          Offs=000000  Size=000000  Align=00001  Fill=0000
    NULL              Offs=000000  Size=000000  Align=00001  Fill=0000
../build/clib_rom.tmp.lib(strchr.o):
    CODE              Offs=00006A  Size=000027  Align=00001  Fill=0000
    RODATA            Offs=000000  Size=000000  Align=00001  Fill=0000
    BSS               Offs=000000  Size=000000  Align=00001  Fill=0000
    DATA              Offs=000000  Size=000000  Align=00001  Fill=0000
    ZEROPAGE          Offs=000000  Size=000000  Align=00001  Fill=0000
    NULL              Offs=000000  Size=000000  Align=00001  Fill=0000
../build/clib_rom.tmp.lib(decsp1.o):
    CODE              Offs=000091  Size=000009  Align=00001  Fill=0000
    RODATA            Offs=000000  Size=000000  Align=00001  Fill=0000
    BSS               Offs=000000  Size=000000  Align=00001  Fill=0000
    DATA              Offs=000000  Size=000000  Align=00001  Fill=0000
    ZEROPAGE          Offs=000000  Size=000000  Align=00001  Fill=0000
    NULL              Offs=000000  Size=000000  Align=00001  Fill=0000
../build/clib_rom.tmp.lib(_udiv32by16r16.o):
    CODE              Offs=00009A  Size=00001C  Align=00001  Fill=0000
    RODATA            Offs=000000  Size=000000  Align=00001  Fill=0000
    BSS               Offs=000000  Size=000000  Align=00001  Fill=0000
    DATA              Offs=000000  Size=000000  Align=00001  Fill=0000
    ZEROPAGE          Offs=000000  Size=000000  Align=00001  Fill=0000
    NULL              Offs=000000  Size=000000  Align=00001  Fill=0000
../build/clib_rom.tmp.lib(incax5.o):
    CODE              Offs=0000B6  Size=000005  Align=00001  Fill=0000
    RODATA            Offs=000000  Size=000000  Align=00001  Fill=0000
    BSS               Offs=000000  Size=000000  Align=00001  Fill=0000
    DATA              Offs=000000  Size=000000  Align=00001  Fill=0000
    ZEROPAGE          Offs=000000  Size=000000  Align=00001  Fill=0000
    NULL              Offs=000000  Size=000000  Align=00001  Fill=0000
../build/clib_rom.tmp.lib(lsave.o):
    CODE              Offs=0000BB  Size=00001A  Align=00001  Fill=0000
    RODATA            Offs=000000  Size=000000  Align=00001  Fill=0000
    BSS               Offs=000000  Size=000000  Align=00001  Fill=0000
    DATA              Offs=000000  Size=000000  Align=00001  Fill=0000
    ZEROPAGE          Offs=000000  Size=000000  Align=00001  Fill=0000
    NULL              Offs=000000  Size=000000  Align=00001  Fill=0000
../build/clib_rom.tmp.lib(asreax2.o):
    CODE              Offs=0000D5  Size=000019  Align=00001  Fill=0000
    RODATA            Offs=000000  Size=000000  Align=00001  Fill=0000
    BSS               Offs=000000  Size=000000  Align=00001  Fill=0000
    DATA              Offs=000000  Size=000000  Align=00001  Fill=0000
    ZEROPAGE          Offs=000000  Size=000000  Align=00001  Fill=0000
    NULL              Offs=000000  Size=000000  Align=00001  Fill=0000
../build/clib_rom.tmp.lib(callptr4.o):
    CODE              Offs=0000EE  Size=000003  Align=00001  Fill=0000
    RODATA            Offs=000000  Size=000000  Align=00001  Fill=0000
    BSS               Offs=000000  Size=000000  Align=00001  Fill=0000
    DATA              Offs=000000  Size=000000  Align=00001  Fill=0000
    ZEROPAGE          Offs=000000  Size=000000  Align=00001  Fill=0000
    NULL              Offs=000000  Size=000000  Align=00001  Fill=0000
../build/clib_rom.tmp.lib(_longminstr.o):
    CODE              Offs=0000F1  Size=000000  Align=00001  Fill=0000
    RODATA            Offs=000000  Size=00000C  Align=00001  Fill=0000
    BSS               Offs=000000  Size=000000  Align=00001  Fill=0000
    DATA              Offs=000000  Size=000000  Align=00001  Fill=0000
    ZEROPAGE          Offs=000000  Size=000000  Align=00001  Fill=0000
    NULL              Offs=000000  Size=000000  Align=00001  Fill=0000
../build/clib_rom.tmp.lib(tolower.o):
    CODE              Offs=0000F1  Size=000012  Align=00001  Fill=0000
    RODATA            Offs=00000C  Size=000000  Align=00001  Fill=0000
    BSS               Offs=000000  Size=000000  Align=00001  Fill=0000
    DATA              Offs=000000  Size=000000  Align=00001  Fill=0000
    ZEROPAGE          Offs=000000  Size=000000  Align=00001  Fill=0000
    NULL              Offs=000000  Size=000000  Align=00001  Fill=0000
../build/clib_rom.tmp.lib(toslong.o):
    CODE              Offs=000103  Size=000038  Align=00001  Fill=0000
    RODATA            Offs=00000C  Size=000000  Align=00001  Fill=0000
    BSS               Offs=000000  Size=000000  Align=00001  Fill=0000
    DATA              Offs=000000  Size=000000  Align=00001  Fill=0000
    ZEROPAGE          Offs=000000  Size=000000  Align=00001  Fill=0000
    NULL              Offs=000000  Size=000000  Align=00001  Fill=0000
../build/clib_rom.tmp.lib(iscntrl.o):
    CODE              Offs=00013B  Size=000008  Align=00001  Fill=0000
    RODATA            Offs=00000C  Size=000000  Align=00001  Fill=0000
    BSS               Offs=000000  Size=000000  Align=00001  Fill=0000
    DATA              Offs=000000  Size=000000  Align=00001  Fill=0000
    ZEROPAGE          Offs=000000  Size=000000  Align=00001  Fill=0000
    NULL              Offs=000000  Size=000000  Align=00001  Fill=0000
../build/clib_rom.tmp.lib(_imul8x8r16.o):
    CODE              Offs=000143  Size=000008  Align=00001  Fill=0000
    RODATA            Offs=00000C  Size=000000  Align=00001  Fill=0000
    BSS               Offs=000000  Size=000000  Align=00001  Fill=0000
    DATA              Offs=000000  Size=000000  Align=00001  Fill=0000
    ZEROPAGE          Offs=000000  Size=000000  Align=00001  Fill=0000
    NULL              Offs=000000  Size=000000  Align=00001  Fill=0000
../build/clib_rom.tmp.lib(strcspn.o):
    CODE              Offs=00014B  Size=00002D  Align=00001  Fill=0000
    RODATA            Offs=00000C  Size=000000  Align=00001  Fill=0000
    BSS               Offs=000000  Size=000000  Align=00001  Fill=0000
    DATA              Offs=000000  Size=000000  Align=00001  Fill=0000
    ZEROPAGE          Offs=000000  Size=000000  Align=00001  Fill=0000
    NULL              Offs=000000  Size=000000  Align=00001  Fill=0000
../build/clib_rom.tmp.lib(mul8.o):
    CODE              Offs=000178  Size=00003A  Align=00001  Fill=0000
    RODATA            Offs=00000C  Size=000000  Align=00001  Fill=0000
    BSS               Offs=000000  Size=000000  Align=00001  Fill=0000
    DATA              Offs=000000  Size=000000  Align=00001  Fill=0000
    ZEROPAGE          Offs=000000  Size=000000  Align=00001  Fill=0000
    NULL              Offs=000000  Size=000000  Align=00001  Fill=0000
../build/clib_rom.tmp.lib(gotox.o):
    CODE              Offs=0001B2  Size=000010  Align=00001  Fill=0000
    RODATA            Offs=00000C  Size=000000  Align=00001  Fill=0000
    BSS               Offs=000000  Size=000000  Align=00001  Fill=0000
    DATA              Offs=000000  Size=000000  Align=00001  Fill=0000
    ZEROPAGE          Offs=000000  Size=000000  Align=00001  Fill=0000
    NULL              Offs=000000  Size=000000  Align=00001  Fill=0000
../build/clib_rom.tmp.lib(incsp3.o):
    CODE              Offs=0001C2  Size=000005  Align=00001  Fill=0000
    RODATA            Offs=00000C  Size=000000  Align=00001  Fill=0000
    BSS               Offs=000000  Size=000000  Align=00001  Fill=0000
    DATA              Offs=000000  Size=000000  Align=00001  Fill=0000
    ZEROPAGE          Offs=000000  Size=000000  Align=00001  Fill=0000
    NULL              Offs=000000  Size=000000  Align=00001  Fill=0000
../build/clib_rom.tmp.lib(decax4.o):
    CODE              Offs=0001C7  Size=000007  Align=00001  Fill=0000
    RODATA            Offs=00000C  Size=000000  Align=00001  Fill=0000
    BSS               Offs=000000  Size=000000  Align=00001  Fill=0000
    DATA              Offs=000000  Size=000000  Align=00001  Fill=0000
    ZEROPAGE          Offs=000000  Size=000000  Align=00001  Fill=0000
    NULL              Offs=000000  Size=000000  Align=00001  Fill=0000
../build/clib_rom.tmp.lib(incax1.o):
    CODE              Offs=0001CE  Size=000007  Align=00001  Fill=0000
    RODATA            Offs=00000C  Size=000000  Align=00001  Fill=0000
    BSS               Offs=000000  Size=000000  Align=00001  Fill=0000
    DATA              Offs=000000  Size=000000  Align=00001  Fill=0000
    ZEROPAGE          Offs=000000  Size=000000  Align=00001  Fill=0000
    NULL              Offs=000000  Size=000000  Align=00001  Fill=0000
../build/clib_rom.tmp.lib(push2.o):
    CODE              Offs=0001D5  Size=000005  Align=00001  Fill=0000
    RODATA            Offs=00000C  Size=000000  Align=00001  Fill=0000
    BSS               Offs=000000  Size=000000  Align=00001  Fill=0000
    DATA              Offs=000000  Size=000000  Align=00001  Fill=0000
    ZEROPAGE          Offs=000000  Size=000000  Align=00001  Fill=0000
    NULL              Offs=000000  Size=000000  Align=00001  Fill=0000
../build/clib_rom.tmp.lib(umul8x8r16.o):
    CODE              Offs=0001DA  Size=000019  Align=00001  Fill=0000
    RODATA            Offs=00000C  Size=000000  Align=00001  Fill=0000
    BSS               Offs=000000  Size=000000  Align=00001  Fill=0000
    DATA              Offs=000000  Size=000000  Align=00001  Fill=0000
    ZEROPAGE          Offs=000000  Size=000000  Align=00001  Fill=0000
    NULL              Offs=000000  Size=000000  Align=00001  Fill=0000
../build/clib_rom.tmp.lib(lsubeqsp.o):
    CODE              Offs=0001F3  Size=000027  Align=00001  Fill=0000
    RODATA            Offs=00000C  Size=000000  Align=00001  Fill=0000
    BSS               Offs=000000  Size=000000  Align=00001  Fill=0000
    DATA              Offs=000000  Size=000000  Align=00001  Fill=0000
    ZEROPAGE          Offs=000000  Size=000000  Align=00001  Fill=0000
    NULL              Offs=000000  Size=000000  Align=00001  Fill=0000
../build/clib_rom.tmp.lib(isspace.o):
    CODE              Offs=00021A  Size=000008  Align=00001  Fill=0000
    RODATA            Offs=00000C  Size=000000  Align=00001  Fill=0000
    BSS               Offs=000000  Size=000000  Align=00001  Fill=0000
    DATA              Offs=000000  Size=000000  Align=00001  Fill=0000
    ZEROPAGE          Offs=000000  Size=000000  Align=00001  Fill=0000
    NULL              Offs=000000  Size=000000  Align=00001  Fill=0000
../build/clib_rom.tmp.lib(utscopy.o):
    CODE              Offs=000222  Size=000024  Align=00001  Fill=0000
    RODATA            Offs=00000C  Size=000005  Align=00001  Fill=0000
    BSS               Offs=000000  Size=000000  Align=00001  Fill=0000
    DATA              Offs=000000  Size=000000  Align=00001  Fill=0000
    ZEROPAGE          Offs=000000  Size=000000  Align=00001  Fill=0000
    NULL              Offs=000000  Size=000000  Align=00001  Fill=0000
../build/clib_rom.tmp.lib(decsp6.o):
    CODE              Offs=000246  Size=00000D  Align=00001  Fill=0000
    RODATA            Offs=000011  Size=000000  Align=00001  Fill=0000
    BSS               Offs=000000  Size=000000  Align=00001  Fill=0000
    DATA              Offs=000000  Size=000000  Align=00001  Fill=0000
    ZEROPAGE          Offs=000000  Size=000000  Align=00001  Fill=0000
    NULL              Offs=000000  Size=000000  Align=00001  Fill=0000
../build/clib_rom.tmp.lib(ldau0sp.o):
    CODE              Offs=000253  Size=000010  Align=00001  Fill=0000
    RODATA            Offs=000011  Size=000000  Align=00001  Fill=0000
    BSS               Offs=000000  Size=000000  Align=00001  Fill=0000
    DATA              Offs=000000  Size=000000  Align=00001  Fill=0000
    ZEROPAGE          Offs=000000  Size=000000  Align=00001  Fill=0000
    NULL              Offs=000000  Size=000000  Align=00001  Fill=0000
../build/clib_rom.tmp.lib(incaxy.o):
    CODE              Offs=000263  Size=00000B  Align=00001  Fill=0000
    RODATA            Offs=000011  Size=000000  Align=00001  Fill=0000
    BSS               Offs=000000  Size=000000  Align=00001  Fill=0000
    DATA              Offs=000000  Size=000000  Align=00001  Fill=0000
    ZEROPAGE          Offs=000000  Size=000000  Align=00001  Fill=0000
    NULL              Offs=000000  Size=000000  Align=00001  Fill=0000
../build/clib_rom.tmp.lib(regswap1.o):
    CODE              Offs=00026E  Size=00000B  Align=00001  Fill=0000
    RODATA            Offs=000011  Size=000000  Align=00001  Fill=0000
    BSS               Offs=000000  Size=000000  Align=00001  Fill=0000
    DATA              Offs=000000  Size=000000  Align=00001  Fill=0000
    ZEROPAGE          Offs=000000  Size=000000  Align=00001  Fill=0000
    NULL              Offs=000000  Size=000000  Align=00001  Fill=0000
../build/clib_rom.tmp.lib(pushlysp.o):
    CODE              Offs=000279  Size=000016  Align=00001  Fill=0000
    RODATA            Offs=000011  Size=000000  Align=00001  Fill=0000
    BSS               Offs=000000  Size=000000  Align=00001  Fill=0000
    DATA              Offs=000000  Size=000000  Align=00001  Fill=0000
    ZEROPAGE          Offs=000000  Size=000000  Align=00001  Fill=0000
    NULL              Offs=000000  Size=000000  Align=00001  Fill=0000
../build/clib_rom.tmp.lib(strstr.o):
    CODE              Offs=00028F  Size=000052  Align=00001  Fill=0000
    RODATA            Offs=000011  Size=000000  Align=00001  Fill=0000
    BSS               Offs=000000  Size=000000  Align=00001  Fill=0000
    DATA              Offs=000000  Size=000000  Align=00001  Fill=0000
    ZEROPAGE          Offs=000000  Size=000000  Align=00001  Fill=0000
    NULL              Offs=000000  Size=000000  Align=00001  Fill=0000
../build/clib_rom.tmp.lib(popptr1.o):
    CODE              Offs=0002E1  Size=00000E  Align=00001  Fill=0000
    RODATA            Offs=000011  Size=000000  Align=00001  Fill=0000
    BSS               Offs=000000  Size=000000  Align=00001  Fill=0000
    DATA              Offs=000000  Size=000000  Align=00001  Fill=0000
    ZEROPAGE          Offs=000000  Size=000000  Align=00001  Fill=0000
    NULL              Offs=000000  Size=000000  Align=00001  Fill=0000
../build/clib_rom.tmp.lib(linc.o):
    CODE              Offs=0002EF  Size=000011  Align=00001  Fill=0000
    RODATA            Offs=000011  Size=000000  Align=00001  Fill=0000
    BSS               Offs=000000  Size=000000  Align=00001  Fill=0000
    DATA              Offs=000000  Size=000000  Align=00001  Fill=0000
    ZEROPAGE          Offs=000000  Size=000000  Align=00001  Fill=0000
    NULL              Offs=000000  Size=000000  Align=00001  Fill=0000
../build/clib_rom.tmp.lib(push7.o):
    CODE              Offs=000300  Size=000005  Align=00001  Fill=0000
    RODATA            Offs=000011  Size=000000  Align=00001  Fill=0000
    BSS               Offs=000000  Size=000000  Align=00001  Fill=0000
    DATA              Offs=000000  Size=000000  Align=00001  Fill=0000
    ZEROPAGE          Offs=000000  Size=000000  Align=00001  Fill=0000
    NULL              Offs=000000  Size=000000  Align=00001  Fill=0000
../build/clib_rom.tmp.lib(oserror.o):
    CODE              Offs=000305  Size=000005  Align=00001  Fill=0000
    RODATA            Offs=000011  Size=000000  Align=00001  Fill=0000
    BSS               Offs=000000  Size=000000  Align=00001  Fill=0000
    DATA              Offs=000000  Size=000000  Align=00001  Fill=0000
    ZEROPAGE          Offs=000000  Size=000000  Align=00001  Fill=0000
    NULL              Offs=000000  Size=000000  Align=00001  Fill=0000
../build/clib_rom.tmp.lib(shrax3.o):
    CODE              Offs=00030A  Size=00000E  Align=00001  Fill=0000
    RODATA            Offs=000011  Size=000000  Align=00001  Fill=0000
    BSS               Offs=000000  Size=000000  Align=00001  Fill=0000
    DATA              Offs=000000  Size=000000  Align=00001  Fill=0000
    ZEROPAGE          Offs=000000  Size=000000  Align=00001  Fill=0000
    NULL              Offs=000000  Size=000000  Align=00001  Fill=0000
../build/clib_rom.tmp.lib(bpushbsp.o):
    CODE              Offs=000318  Size=000007  Align=00001  Fill=0000
    RODATA            Offs=000011  Size=000000  Align=00001  Fill=0000
    BSS               Offs=000000  Size=000000  Align=00001  Fill=0000
    DATA              Offs=000000  Size=000000  Align=00001  Fill=0000
    ZEROPAGE          Offs=000000  Size=000000  Align=00001  Fill=0000
    NULL              Offs=000000  Size=000000  Align=00001  Fill=0000
../build/clib_rom.tmp.lib(system.o):
    CODE              Offs=00031F  Size=000016  Align=00001  Fill=0000
    RODATA            Offs=000011  Size=000000  Align=00001  Fill=0000
    BSS               Offs=000000  Size=000000  Align=00001  Fill=0000
    DATA              Offs=000000  Size=000000  Align=00001  Fill=0000
    ZEROPAGE          Offs=000000  Size=000000  Align=00001  Fill=0000
    NULL              Offs=000000  Size=000000  Align=00001  Fill=0000
../build/clib_rom.tmp.lib(udiv32by16r16.o):
    CODE              Offs=000335  Size=000031  Align=00001  Fill=0000
    RODATA            Offs=000011  Size=000000  Align=00001  Fill=0000
    BSS               Offs=000000  Size=000000  Align=00001  Fill=0000
    DATA              Offs=000000  Size=000000  Align=00001  Fill=0000
    ZEROPAGE          Offs=000000  Size=000000  Align=00001  Fill=0000
    NULL              Offs=000000  Size=000000  Align=00001  Fill=0000
../build/clib_rom.tmp.lib(lrsub.o):
    CODE              Offs=000366  Size=000025  Align=00001  Fill=0000
    RODATA            Offs=000011  Size=000000  Align=00001  Fill=0000
    BSS               Offs=000000  Size=000000  Align=00001  Fill=0000
    DATA              Offs=000000  Size=000000  Align=00001  Fill=0000
    ZEROPAGE          Offs=000000  Size=000000  Align=00001  Fill=0000
    NULL              Offs=000000  Size=000000  Align=00001  Fill=0000
../build/clib_rom.tmp.lib(bcast.o):
    CODE              Offs=00038B  Size=00000C  Align=00001  Fill=0000
    RODATA            Offs=000011  Size=000000  Align=00001  Fill=0000
    BSS               Offs=000000  Size=000000  Align=00001  Fill=0000
    DATA              Offs=000000  Size=000000  Align=00001  Fill=0000
    ZEROPAGE          Offs=000000  Size=000000  Align=00001  Fill=0000
    NULL              Offs=000000  Size=000000  Align=00001  Fill=0000
../build/clib_rom.tmp.lib(_idiv32by16r16.o):
    CODE              Offs=000397  Size=00001A  Align=00001  Fill=0000
    RODATA            Offs=000011  Size=000000  Align=00001  Fill=0000
    BSS               Offs=000000  Size=000000  Align=00001  Fill=0000
    DATA              Offs=000000  Size=000000  Align=00001  Fill=0000
    ZEROPAGE          Offs=000000  Size=000000  Align=00001  Fill=0000
    NULL              Offs=000000  Size=000000  Align=00001  Fill=0000
../build/clib_rom.tmp.lib(print0.o):
    CODE              Offs=0003B1  Size=00000D  Align=00001  Fill=0000
    RODATA            Offs=000011  Size=000000  Align=00001  Fill=0000
    BSS               Offs=000000  Size=000000  Align=00001  Fill=0000
    DATA              Offs=000000  Size=000000  Align=00001  Fill=0000
    ZEROPAGE          Offs=000000  Size=000000  Align=00001  Fill=0000
    NULL              Offs=000000  Size=000000  Align=00001  Fill=0000
../build/clib_rom.tmp.lib(pushb.o):
    CODE              Offs=0003BE  Size=000016  Align=00001  Fill=0000
    RODATA            Offs=000011  Size=000000  Align=00001  Fill=0000
    BSS               Offs=000000  Size=000000  Align=00001  Fill=0000
    DATA              Offs=000000  Size=000000  Align=00001  Fill=0000
    ZEROPAGE          Offs=000000  Size=000000  Align=00001  Fill=0000
    NULL              Offs=000000  Size=000000  Align=00001  Fill=0000
../build/clib_rom.tmp.lib(push6.o):
    CODE              Offs=0003D4  Size=000005  Align=00001  Fill=0000
    RODATA            Offs=000011  Size=000000  Align=00001  Fill=0000
    BSS               Offs=000000  Size=000000  Align=00001  Fill=0000
    DATA              Offs=000000  Size=000000  Align=00001  Fill=0000
    ZEROPAGE          Offs=000000  Size=000000  Align=00001  Fill=0000
    NULL              Offs=000000  Size=000000  Align=00001  Fill=0000
../build/clib_rom.tmp.lib(ge.o):
    CODE              Offs=0003D9  Size=00000A  Align=00001  Fill=0000
    RODATA            Offs=000011  Size=000000  Align=00001  Fill=0000
    BSS               Offs=000000  Size=000000  Align=00001  Fill=0000
    DATA              Offs=000000  Size=000000  Align=00001  Fill=0000
    ZEROPAGE          Offs=000000  Size=000000  Align=00001  Fill=0000
    NULL              Offs=000000  Size=000000  Align=00001  Fill=0000
../build/clib_rom.tmp.lib(decaxy.o):
    CODE              Offs=0003E3  Size=000009  Align=00001  Fill=0000
    RODATA            Offs=000011  Size=000000  Align=00001  Fill=0000
    BSS               Offs=000000  Size=000000  Align=00001  Fill=0000
    DATA              Offs=000000  Size=000000  Align=00001  Fill=0000
    ZEROPAGE          Offs=000000  Size=000000  Align=00001  Fill=0000
    NULL              Offs=000000  Size=000000  Align=00001  Fill=0000
../build/clib_rom.tmp.lib(makebool.o):
    CODE              Offs=0003EC  Size=00002C  Align=00001  Fill=0000
    RODATA            Offs=000011  Size=000000  Align=00001  Fill=0000
    BSS               Offs=000000  Size=000000  Align=00001  Fill=0000
    DATA              Offs=000000  Size=000000  Align=00001  Fill=0000
    ZEROPAGE          Offs=000000  Size=000000  Align=00001  Fill=0000
    NULL              Offs=000000  Size=000000  Align=00001  Fill=0000
../build/clib_rom.tmp.lib(xor.o):
    CODE              Offs=000418  Size=000012  Align=00001  Fill=0000
    RODATA            Offs=000011  Size=000000  Align=00001  Fill=0000
    BSS               Offs=000000  Size=000000  Align=00001  Fill=0000
    DATA              Offs=000000  Size=000000  Align=00001  Fill=0000
    ZEROPAGE          Offs=000000  Size=000000  Align=00001  Fill=0000
    NULL              Offs=000000  Size=000000  Align=00001  Fill=0000
../build/clib_rom.tmp.lib(stricmp.o):
    CODE              Offs=00042A  Size=000043  Align=00001  Fill=0000
    RODATA            Offs=000011  Size=000000  Align=00001  Fill=0000
    BSS               Offs=000000  Size=000000  Align=00001  Fill=0000
    DATA              Offs=000000  Size=000000  Align=00001  Fill=0000
    ZEROPAGE          Offs=000000  Size=000000  Align=00001  Fill=0000
    NULL              Offs=000000  Size=000000  Align=00001  Fill=0000
../build/clib_rom.tmp.lib(imul16x16r32.o):
    CODE              Offs=00046D  Size=00002B  Align=00001  Fill=0000
    RODATA            Offs=000011  Size=000000  Align=00001  Fill=0000
    BSS               Offs=000000  Size=000000  Align=00001  Fill=0000
    DATA              Offs=000000  Size=000000  Align=00001  Fill=0000
    ZEROPAGE          Offs=000000  Size=000000  Align=00001  Fill=0000
    NULL              Offs=000000  Size=000000  Align=00001  Fill=0000
../build/clib_rom.tmp.lib(gotoxy.o):
    CODE              Offs=000498  Size=000010  Align=00001  Fill=0000
    RODATA            Offs=000011  Size=000000  Align=00001  Fill=0000
    BSS               Offs=000000  Size=000000  Align=00001  Fill=0000
    DATA              Offs=000000  Size=000000  Align=00001  Fill=0000
    ZEROPAGE          Offs=000000  Size=000000  Align=00001  Fill=0000
    NULL              Offs=000000  Size=000000  Align=00001  Fill=0000
../build/clib_rom.tmp.lib(along.o):
    CODE              Offs=0004A8  Size=00000D  Align=00001  Fill=0000
    RODATA            Offs=000011  Size=000000  Align=00001  Fill=0000
    BSS               Offs=000000  Size=000000  Align=00001  Fill=0000
    DATA              Offs=000000  Size=000000  Align=00001  Fill=0000
    ZEROPAGE          Offs=000000  Size=000000  Align=00001  Fill=0000
    NULL              Offs=000000  Size=000000  Align=00001  Fill=0000
../build/clib_rom.tmp.lib(cclear.o):
    CODE              Offs=0004B5  Size=000016  Align=00001  Fill=0000
    RODATA            Offs=000011  Size=000000  Align=00001  Fill=0000
    BSS               Offs=000000  Size=000000  Align=00001  Fill=0000
    DATA              Offs=000000  Size=000000  Align=00001  Fill=0000
    ZEROPAGE          Offs=000000  Size=000000  Align=00001  Fill=0000
    NULL              Offs=000000  Size=000000  Align=00001  Fill=0000
../build/clib_rom.tmp.lib(shelp.o):
    CODE              Offs=0004CB  Size=000020  Align=00001  Fill=0000
    RODATA            Offs=000011  Size=000000  Align=00001  Fill=0000
    BSS               Offs=000000  Size=000000  Align=00001  Fill=0000
    DATA              Offs=000000  Size=000000  Align=00001  Fill=0000
    ZEROPAGE          Offs=000000  Size=000000  Align=00001  Fill=0000
    NULL              Offs=000000  Size=000000  Align=00001  Fill=0000
../build/clib_rom.tmp.lib(asreax4.o):
    CODE              Offs=0004EB  Size=000015  Align=00001  Fill=0000
    RODATA            Offs=000011  Size=000000  Align=00001  Fill=0000
    BSS               Offs=000000  Size=000000  Align=00001  Fill=0000
    DATA              Offs=000000  Size=000000  Align=00001  Fill=0000
    ZEROPAGE          Offs=000000  Size=000000  Align=00001  Fill=0000
    NULL              Offs=000000  Size=000000  Align=00001  Fill=0000
../build/clib_rom.tmp.lib(_hextab.o):
    CODE              Offs=000500  Size=000000  Align=00001  Fill=0000
    RODATA            Offs=000011  Size=000010  Align=00001  Fill=0000
    BSS               Offs=000000  Size=000000  Align=00001  Fill=0000
    DATA              Offs=000000  Size=000000  Align=00001  Fill=0000
    ZEROPAGE          Offs=000000  Size=000000  Align=00001  Fill=0000
    NULL              Offs=000000  Size=000000  Align=00001  Fill=0000
../build/clib_rom.tmp.lib(asrax3.o):
    CODE              Offs=000500  Size=000014  Align=00001  Fill=0000
    RODATA            Offs=000021  Size=000000  Align=00001  Fill=0000
    BSS               Offs=000000  Size=000000  Align=00001  Fill=0000
    DATA              Offs=000000  Size=000000  Align=00001  Fill=0000
    ZEROPAGE          Offs=000000  Size=000000  Align=00001  Fill=0000
    NULL              Offs=000000  Size=000000  Align=00001  Fill=0000
../build/clib_rom.tmp.lib(leq.o):
    CODE              Offs=000514  Size=000006  Align=00001  Fill=0000
    RODATA            Offs=000021  Size=000000  Align=00001  Fill=0000
    BSS               Offs=000000  Size=000000  Align=00001  Fill=0000
    DATA              Offs=000000  Size=000000  Align=00001  Fill=0000
    ZEROPAGE          Offs=000000  Size=000000  Align=00001  Fill=0000
    NULL              Offs=000000  Size=000000  Align=00001  Fill=0000
../build/clib_rom.tmp.lib(incsp8.o):
    CODE              Offs=00051A  Size=000005  Align=00001  Fill=0000
    RODATA            Offs=000021  Size=000000  Align=00001  Fill=0000
    BSS               Offs=000000  Size=000000  Align=00001  Fill=0000
    DATA              Offs=000000  Size=000000  Align=00001  Fill=0000
    ZEROPAGE          Offs=000000  Size=000000  Align=00001  Fill=0000
    NULL              Offs=000000  Size=000000  Align=00001  Fill=0000
../build/clib_rom.tmp.lib(ne.o):
    CODE              Offs=00051F  Size=00000A  Align=00001  Fill=0000
    RODATA            Offs=000021  Size=000000  Align=00001  Fill=0000
    BSS               Offs=000000  Size=000000  Align=00001  Fill=0000
    DATA              Offs=000000  Size=000000  Align=00001  Fill=0000
    ZEROPAGE          Offs=000000  Size=000000  Align=00001  Fill=0000
    NULL              Offs=000000  Size=000000  Align=00001  Fill=0000
../build/clib_rom.tmp.lib(regswap2.o):
    CODE              Offs=000529  Size=000016  Align=00001  Fill=0000
    RODATA            Offs=000021  Size=000000  Align=00001  Fill=0000
    BSS               Offs=000000  Size=000000  Align=00001  Fill=0000
    DATA              Offs=000000  Size=000000  Align=00001  Fill=0000
    ZEROPAGE          Offs=000000  Size=000000  Align=00001  Fill=0000
    NULL              Offs=000000  Size=000000  Align=00001  Fill=0000
../build/clib_rom.tmp.lib(_umul8x8r16.o):
    CODE              Offs=00053F  Size=000008  Align=00001  Fill=0000
    RODATA            Offs=000021  Size=000000  Align=00001  Fill=0000
    BSS               Offs=000000  Size=000000  Align=00001  Fill=0000
    DATA              Offs=000000  Size=000000  Align=00001  Fill=0000
    ZEROPAGE          Offs=000000  Size=000000  Align=00001  Fill=0000
    NULL              Offs=000000  Size=000000  Align=00001  Fill=0000
../build/clib_rom.tmp.lib(asr.o):
    CODE              Offs=000547  Size=00003C  Align=00001  Fill=0000
    RODATA            Offs=000021  Size=000000  Align=00001  Fill=0000
    BSS               Offs=000000  Size=000000  Align=00001  Fill=0000
    DATA              Offs=000000  Size=000000  Align=00001  Fill=0000
    ZEROPAGE          Offs=000000  Size=000000  Align=00001  Fill=0000
    NULL              Offs=000000  Size=000000  Align=00001  Fill=0000
../build/clib_rom.tmp.lib(luge.o):
    CODE              Offs=000583  Size=000006  Align=00001  Fill=0000
    RODATA            Offs=000021  Size=000000  Align=00001  Fill=0000
    BSS               Offs=000000  Size=000000  Align=00001  Fill=0000
    DATA              Offs=000000  Size=000000  Align=00001  Fill=0000
    ZEROPAGE          Offs=000000  Size=000000  Align=00001  Fill=0000
    NULL              Offs=000000  Size=000000  Align=00001  Fill=0000
../build/clib_rom.tmp.lib(mulax7.o):
    CODE              Offs=000589  Size=000019  Align=00001  Fill=0000
    RODATA            Offs=000021  Size=000000  Align=00001  Fill=0000
    BSS               Offs=000000  Size=000000  Align=00001  Fill=0000
    DATA              Offs=000000  Size=000000  Align=00001  Fill=0000
    ZEROPAGE          Offs=000000  Size=000000  Align=00001  Fill=0000
    NULL              Offs=000000  Size=000000  Align=00001  Fill=0000
../build/clib_rom.tmp.lib(_umul16x8r32.o):
    CODE              Offs=0005A2  Size=00000C  Align=00001  Fill=0000
    RODATA            Offs=000021  Size=000000  Align=00001  Fill=0000
    BSS               Offs=000000  Size=000000  Align=00001  Fill=0000
    DATA              Offs=000000  Size=000000  Align=00001  Fill=0000
    ZEROPAGE          Offs=000000  Size=000000  Align=00001  Fill=0000
    NULL              Offs=000000  Size=000000  Align=00001  Fill=0000
../build/clib_rom.tmp.lib(printhex.o):
    CODE              Offs=0005AE  Size=000022  Align=00001  Fill=0000
    RODATA            Offs=000021  Size=000000  Align=00001  Fill=0000
    BSS               Offs=000000  Size=000000  Align=00001  Fill=0000
    DATA              Offs=000000  Size=000000  Align=00001  Fill=0000
    ZEROPAGE          Offs=000000  Size=000000  Align=00001  Fill=0000
    NULL              Offs=000000  Size=000000  Align=00001  Fill=0000
../build/clib_rom.tmp.lib(steaxsp.o):
    CODE              Offs=0005D0  Size=000015  Align=00001  Fill=0000
    RODATA            Offs=000021  Size=000000  Align=00001  Fill=0000
    BSS               Offs=000000  Size=000000  Align=00001  Fill=0000
    DATA              Offs=000000  Size=000000  Align=00001  Fill=0000
    ZEROPAGE          Offs=000000  Size=000000  Align=00001  Fill=0000
    NULL              Offs=000000  Size=000000  Align=00001  Fill=0000
../build/clib_rom.tmp.lib(ctype.o):
    CODE              Offs=0005E5  Size=000000  Align=00001  Fill=0000
    RODATA            Offs=000021  Size=00008B  Align=00001  Fill=0000
    BSS               Offs=000000  Size=000000  Align=00001  Fill=0000
    DATA              Offs=000000  Size=000000  Align=00001  Fill=0000
    ZEROPAGE          Offs=000000  Size=000000  Align=00001  Fill=0000
    NULL              Offs=000000  Size=000000  Align=00001  Fill=0000
../build/clib_rom.tmp.lib(or.o):
    CODE              Offs=0005E5  Size=000012  Align=00001  Fill=0000
    RODATA            Offs=0000AC  Size=000000  Align=00001  Fill=0000
    BSS               Offs=000000  Size=000000  Align=00001  Fill=0000
    DATA              Offs=000000  Size=000000  Align=00001  Fill=0000
    ZEROPAGE          Offs=000000  Size=000000  Align=00001  Fill=0000
    NULL              Offs=000000  Size=000000  Align=00001  Fill=0000
../build/clib_rom.tmp.lib(osfile_store_exec.o):
    CODE              Offs=0005F7  Size=000006  Align=00001  Fill=0000
    RODATA            Offs=0000AC  Size=000000  Align=00001  Fill=0000
    BSS               Offs=000000  Size=000000  Align=00001  Fill=0000
    DATA              Offs=000000  Size=000000  Align=00001  Fill=0000
    ZEROPAGE          Offs=000000  Size=000000  Align=00001  Fill=0000
    NULL              Offs=000000  Size=000000  Align=00001  Fill=0000
../build/clib_rom.tmp.lib(push5.o):
    CODE              Offs=0005FD  Size=000005  Align=00001  Fill=0000
    RODATA            Offs=0000AC  Size=000000  Align=00001  Fill=0000
    BSS               Offs=000000  Size=000000  Align=00001  Fill=0000
    DATA              Offs=000000  Size=000000  Align=00001  Fill=0000
    ZEROPAGE          Offs=000000  Size=000000  Align=00001  Fill=0000
    NULL              Offs=000000  Size=000000  Align=00001  Fill=0000
../build/clib_rom.tmp.lib(axlong.o):
    CODE              Offs=000602  Size=00000D  Align=00001  Fill=0000
    RODATA            Offs=0000AC  Size=000000  Align=00001  Fill=0000
    BSS               Offs=000000  Size=000000  Align=00001  Fill=0000
    DATA              Offs=000000  Size=000000  Align=00001  Fill=0000
    ZEROPAGE          Offs=000000  Size=000000  Align=00001  Fill=0000
    NULL              Offs=000000  Size=000000  Align=00001  Fill=0000
../build/clib_rom.tmp.lib(pushax.o):
    CODE              Offs=00060F  Size=00001A  Align=00001  Fill=0000
    RODATA            Offs=0000AC  Size=000000  Align=00001  Fill=0000
    BSS               Offs=000000  Size=000000  Align=00001  Fill=0000
    DATA              Offs=000000  Size=000000  Align=00001  Fill=0000
    ZEROPAGE          Offs=000000  Size=000000  Align=00001  Fill=0000
    NULL              Offs=000000  Size=000000  Align=00001  Fill=0000
../build/clib_rom.tmp.lib(memcpy.o):
    CODE              Offs=000629  Size=00003C  Align=00001  Fill=0000
    RODATA            Offs=0000AC  Size=000000  Align=00001  Fill=0000
    BSS               Offs=000000  Size=000000  Align=00001  Fill=0000
    DATA              Offs=000000  Size=000000  Align=00001  Fill=0000
    ZEROPAGE          Offs=000000  Size=000000  Align=00001  Fill=0000
    NULL              Offs=000000  Size=000000  Align=00001  Fill=0000
../build/clib_rom.tmp.lib(leaaxsp.o):
    CODE              Offs=000665  Size=00000C  Align=00001  Fill=0000
    RODATA            Offs=0000AC  Size=000000  Align=00001  Fill=0000
    BSS               Offs=000000  Size=000000  Align=00001  Fill=0000
    DATA              Offs=000000  Size=000000  Align=00001  Fill=0000
    ZEROPAGE          Offs=000000  Size=000000  Align=00001  Fill=0000
    NULL              Offs=000000  Size=000000  Align=00001  Fill=0000
../build/clib_rom.tmp.lib(steaxspi.o):
    CODE              Offs=000671  Size=000022  Align=00001  Fill=0000
    RODATA            Offs=0000AC  Size=000000  Align=00001  Fill=0000
    BSS               Offs=000000  Size=000000  Align=00001  Fill=0000
    DATA              Offs=000000  Size=000000  Align=00001  Fill=0000
    ZEROPAGE          Offs=000000  Size=000000  Align=00001  Fill=0000
    NULL              Offs=000000  Size=000000  Align=00001  Fill=0000
../build/clib_rom.tmp.lib(decax2.o):
    CODE              Offs=000693  Size=000007  Align=00001  Fill=0000
    RODATA            Offs=0000AC  Size=000000  Align=00001  Fill=0000
    BSS               Offs=000000  Size=000000  Align=00001  Fill=0000
    DATA              Offs=000000  Size=000000  Align=00001  Fill=0000
    ZEROPAGE          Offs=000000  Size=000000  Align=00001  Fill=0000
    NULL              Offs=000000  Size=000000  Align=00001  Fill=0000
../build/clib_rom.tmp.lib(strcat.o):
    CODE              Offs=00069A  Size=000031  Align=00001  Fill=0000
    RODATA            Offs=0000AC  Size=000000  Align=00001  Fill=0000
    BSS               Offs=000000  Size=000000  Align=00001  Fill=0000
    DATA              Offs=000000  Size=000000  Align=00001  Fill=0000
    ZEROPAGE          Offs=000000  Size=000000  Align=00001  Fill=0000
    NULL              Offs=000000  Size=000000  Align=00001  Fill=0000
../build/clib_rom.tmp.lib(ldaxi.o):
    CODE              Offs=0006CB  Size=00000D  Align=00001  Fill=0000
    RODATA            Offs=0000AC  Size=000000  Align=00001  Fill=0000
    BSS               Offs=000000  Size=000000  Align=00001  Fill=0000
    DATA              Offs=000000  Size=000000  Align=00001  Fill=0000
    ZEROPAGE          Offs=000000  Size=000000  Align=00001  Fill=0000
    NULL              Offs=000000  Size=000000  Align=00001  Fill=0000
../build/clib_rom.tmp.lib(isalnum.o):
    CODE              Offs=0006D8  Size=000008  Align=00001  Fill=0000
    RODATA            Offs=0000AC  Size=000000  Align=00001  Fill=0000
    BSS               Offs=000000  Size=000000  Align=00001  Fill=0000
    DATA              Offs=000000  Size=000000  Align=00001  Fill=0000
    ZEROPAGE          Offs=000000  Size=000000  Align=00001  Fill=0000
    NULL              Offs=000000  Size=000000  Align=00001  Fill=0000
../build/clib_rom.tmp.lib(decsp7.o):
    CODE              Offs=0006E0  Size=00000D  Align=00001  Fill=0000
    RODATA            Offs=0000AC  Size=000000  Align=00001  Fill=0000
    BSS               Offs=000000  Size=000000  Align=00001  Fill=0000
    DATA              Offs=000000  Size=000000  Align=00001  Fill=0000
    ZEROPAGE          Offs=000000  Size=000000  Align=00001  Fill=0000
    NULL              Offs=000000  Size=000000  Align=00001  Fill=0000
../build/clib_rom.tmp.lib(addeqsp.o):
    CODE              Offs=0006ED  Size=000011  Align=00001  Fill=0000
    RODATA            Offs=0000AC  Size=000000  Align=00001  Fill=0000
    BSS               Offs=000000  Size=000000  Align=00001  Fill=0000
    DATA              Offs=000000  Size=000000  Align=00001  Fill=0000
    ZEROPAGE          Offs=000000  Size=000000  Align=00001  Fill=0000
    NULL              Offs=000000  Size=000000  Align=00001  Fill=0000
../build/clib_rom.tmp.lib(ldaui.o):
    CODE              Offs=0006FE  Size=000009  Align=00001  Fill=0000
    RODATA            Offs=0000AC  Size=000000  Align=00001  Fill=0000
    BSS               Offs=000000  Size=000000  Align=00001  Fill=0000
    DATA              Offs=000000  Size=000000  Align=00001  Fill=0000
    ZEROPAGE          Offs=000000  Size=000000  Align=00001  Fill=0000
    NULL              Offs=000000  Size=000000  Align=00001  Fill=0000
../build/clib_rom.tmp.lib(shrax4.o):
    CODE              Offs=000707  Size=000011  Align=00001  Fill=0000
    RODATA            Offs=0000AC  Size=000000  Align=00001  Fill=0000
    BSS               Offs=000000  Size=000000  Align=00001  Fill=0000
    DATA              Offs=000000  Size=000000  Align=00001  Fill=0000
    ZEROPAGE          Offs=000000  Size=000000  Align=00001  Fill=0000
    NULL              Offs=000000  Size=000000  Align=00001  Fill=0000
../build/clib_rom.tmp.lib(strncmp.o):
    CODE              Offs=000718  Size=000039  Align=00001  Fill=0000
    RODATA            Offs=0000AC  Size=000000  Align=00001  Fill=0000
    BSS               Offs=000000  Size=000000  Align=00001  Fill=0000
    DATA              Offs=000000  Size=000000  Align=00001  Fill=0000
    ZEROPAGE          Offs=000000  Size=000000  Align=00001  Fill=0000
    NULL              Offs=000000  Size=000000  Align=00001  Fill=0000
../build/clib_rom.tmp.lib(decax7.o):
    CODE              Offs=000751  Size=000007  Align=00001  Fill=0000
    RODATA            Offs=0000AC  Size=000000  Align=00001  Fill=0000
    BSS               Offs=000000  Size=000000  Align=00001  Fill=0000
    DATA              Offs=000000  Size=000000  Align=00001  Fill=0000
    ZEROPAGE          Offs=000000  Size=000000  Align=00001  Fill=0000
    NULL              Offs=000000  Size=000000  Align=00001  Fill=0000
../build/clib_rom.tmp.lib(strncpy.o):
    CODE              Offs=000758  Size=000044  Align=00001  Fill=0000
    RODATA            Offs=0000AC  Size=000000  Align=00001  Fill=0000
    BSS               Offs=000000  Size=000000  Align=00001  Fill=0000
    DATA              Offs=000000  Size=000000  Align=00001  Fill=0000
    ZEROPAGE          Offs=000000  Size=000000  Align=00001  Fill=0000
    NULL              Offs=000000  Size=000000  Align=00001  Fill=0000
../build/clib_rom.tmp.lib(enter.o):
    CODE              Offs=00079C  Size=00000E  Align=00001  Fill=0000
    RODATA            Offs=0000AC  Size=000000  Align=00001  Fill=0000
    BSS               Offs=000000  Size=000000  Align=00001  Fill=0000
    DATA              Offs=000000  Size=000000  Align=00001  Fill=0000
    ZEROPAGE          Offs=000000  Size=000000  Align=00001  Fill=0000
    NULL              Offs=000000  Size=000000  Align=00001  Fill=0000
../build/clib_rom.tmp.lib(gotoy.o):
    CODE              Offs=0007AA  Size=000010  Align=00001  Fill=0000
    RODATA            Offs=0000AC  Size=000000  Align=00001  Fill=0000
    BSS               Offs=000000  Size=000000  Align=00001  Fill=0000
    DATA              Offs=000000  Size=000000  Align=00001  Fill=0000
    ZEROPAGE          Offs=000000  Size=000000  Align=00001  Fill=0000
    NULL              Offs=000000  Size=000000  Align=00001  Fill=0000
../build/clib_rom.tmp.lib(decax8.o):
    CODE              Offs=0007BA  Size=000007  Align=00001  Fill=0000
    RODATA            Offs=0000AC  Size=000000  Align=00001  Fill=0000
    BSS               Offs=000000  Size=000000  Align=00001  Fill=0000
    DATA              Offs=000000  Size=000000  Align=00001  Fill=0000
    ZEROPAGE          Offs=000000  Size=000000  Align=00001  Fill=0000
    NULL              Offs=000000  Size=000000  Align=00001  Fill=0000
../build/clib_rom.tmp.lib(staxspi.o):
    CODE              Offs=0007C1  Size=00001B  Align=00001  Fill=0000
    RODATA            Offs=0000AC  Size=000000  Align=00001  Fill=0000
    BSS               Offs=000000  Size=000000  Align=00001  Fill=0000
    DATA              Offs=000000  Size=000000  Align=00001  Fill=0000
    ZEROPAGE          Offs=000000  Size=000000  Align=00001  Fill=0000
    NULL              Offs=000000  Size=000000  Align=00001  Fill=0000
../build/clib_rom.tmp.lib(errormsg.o):
    CODE              Offs=0007DC  Size=000000  Align=00001  Fill=0000
    RODATA            Offs=0000AC  Size=000174  Align=00001  Fill=0000
    BSS               Offs=000000  Size=000000  Align=00001  Fill=0000
    DATA              Offs=000000  Size=000000  Align=00001  Fill=0000
    ZEROPAGE          Offs=000000  Size=000000  Align=00001  Fill=0000
    NULL              Offs=000000  Size=000000  Align=00001  Fill=0000
../build/clib_rom.tmp.lib(icmp.o):
    CODE              Offs=0007DC  Size=00002E  Align=00001  Fill=0000
    RODATA            Offs=000220  Size=000000  Align=00001  Fill=0000
    BSS               Offs=000000  Size=000000  Align=00001  Fill=0000
    DATA              Offs=000000  Size=000000  Align=00001  Fill=0000
    ZEROPAGE          Offs=000000  Size=000000  Align=00001  Fill=0000
    NULL              Offs=000000  Size=000000  Align=00001  Fill=0000
../build/clib_rom.tmp.lib(asreax1.o):
    CODE              Offs=00080A  Size=000010  Align=00001  Fill=0000
    RODATA            Offs=000220  Size=000000  Align=00001  Fill=0000
    BSS               Offs=000000  Size=000000  Align=00001  Fill=0000
    DATA              Offs=000000  Size=000000  Align=00001  Fill=0000
    ZEROPAGE          Offs=000000  Size=000000  Align=00001  Fill=0000
    NULL              Offs=000000  Size=000000  Align=00001  Fill=0000
../build/clib_rom.tmp.lib(shreax2.o):
    CODE              Offs=00081A  Size=000013  Align=00001  Fill=0000
    RODATA            Offs=000220  Size=000000  Align=00001  Fill=0000
    BSS               Offs=000000  Size=000000  Align=00001  Fill=0000
    DATA              Offs=000000  Size=000000  Align=00001  Fill=0000
    ZEROPAGE          Offs=000000  Size=000000  Align=00001  Fill=0000
    NULL              Offs=000000  Size=000000  Align=00001  Fill=0000
../build/clib_rom.tmp.lib(laddeqsp.o):
    CODE              Offs=00082D  Size=000023  Align=00001  Fill=0000
    RODATA            Offs=000220  Size=000000  Align=00001  Fill=0000
    BSS               Offs=000000  Size=000000  Align=00001  Fill=0000
    DATA              Offs=000000  Size=000000  Align=00001  Fill=0000
    ZEROPAGE          Offs=000000  Size=000000  Align=00001  Fill=0000
    NULL              Offs=000000  Size=000000  Align=00001  Fill=0000
../build/clib_rom.tmp.lib(osfile_alloc_block.o):
    CODE              Offs=000850  Size=000006  Align=00001  Fill=0000
    RODATA            Offs=000220  Size=000000  Align=00001  Fill=0000
    BSS               Offs=000000  Size=000000  Align=00001  Fill=0000
    DATA              Offs=000000  Size=000000  Align=00001  Fill=0000
    ZEROPAGE          Offs=000000  Size=000000  Align=00001  Fill=0000
    NULL              Offs=000000  Size=000000  Align=00001  Fill=0000
../build/clib_rom.tmp.lib(laddeq.o):
    CODE              Offs=000856  Size=00002D  Align=00001  Fill=0000
    RODATA            Offs=000220  Size=000000  Align=00001  Fill=0000
    BSS               Offs=000000  Size=000000  Align=00001  Fill=0000
    DATA              Offs=000000  Size=000000  Align=00001  Fill=0000
    ZEROPAGE          Offs=000000  Size=000000  Align=00001  Fill=0000
    NULL              Offs=000000  Size=000000  Align=00001  Fill=0000
../build/clib_rom.tmp.lib(aslax4.o):
    CODE              Offs=000883  Size=000011  Align=00001  Fill=0000
    RODATA            Offs=000220  Size=000000  Align=00001  Fill=0000
    BSS               Offs=000000  Size=000000  Align=00001  Fill=0000
    DATA              Offs=000000  Size=000000  Align=00001  Fill=0000
    ZEROPAGE          Offs=000000  Size=000000  Align=00001  Fill=0000
    NULL              Offs=000000  Size=000000  Align=00001  Fill=0000
../build/clib_rom.tmp.lib(osfile_store_load.o):
    CODE              Offs=000894  Size=000006  Align=00001  Fill=0000
    RODATA            Offs=000220  Size=000000  Align=00001  Fill=0000
    BSS               Offs=000000  Size=000000  Align=00001  Fill=0000
    DATA              Offs=000000  Size=000000  Align=00001  Fill=0000
    ZEROPAGE          Offs=000000  Size=000000  Align=00001  Fill=0000
    NULL              Offs=000000  Size=000000  Align=00001  Fill=0000
../build/clib_rom.tmp.lib(shrax1.o):
    CODE              Offs=00089A  Size=000008  Align=00001  Fill=0000
    RODATA            Offs=000220  Size=000000  Align=00001  Fill=0000
    BSS               Offs=000000  Size=000000  Align=00001  Fill=0000
    DATA              Offs=000000  Size=000000  Align=00001  Fill=0000
    ZEROPAGE          Offs=000000  Size=000000  Align=00001  Fill=0000
    NULL              Offs=000000  Size=000000  Align=00001  Fill=0000
../build/clib_rom.tmp.lib(zeropage.o):
    CODE              Offs=0008A2  Size=000000  Align=00001  Fill=0000
    RODATA            Offs=000220  Size=000000  Align=00001  Fill=0000
    BSS               Offs=000000  Size=000000  Align=00001  Fill=0000
    DATA              Offs=000000  Size=000000  Align=00001  Fill=0000
    ZEROPAGE          Offs=000000  Size=00001A  Align=00001  Fill=0000
    NULL              Offs=000000  Size=000000  Align=00001  Fill=0000
../build/clib_rom.tmp.lib(decax3.o):
    CODE              Offs=0008A2  Size=000007  Align=00001  Fill=0000
    RODATA            Offs=000220  Size=000000  Align=00001  Fill=0000
    BSS               Offs=000000  Size=000000  Align=00001  Fill=0000
    DATA              Offs=000000  Size=000000  Align=00001  Fill=0000
    ZEROPAGE          Offs=00001A  Size=000000  Align=00001  Fill=0000
    NULL              Offs=000000  Size=000000  Align=00001  Fill=0000
../build/clib_rom.tmp.lib(mod.o):
    CODE              Offs=0008A9  Size=000011  Align=00001  Fill=0000
    RODATA            Offs=000220  Size=000000  Align=00001  Fill=0000
    BSS               Offs=000000  Size=000000  Align=00001  Fill=0000
    DATA              Offs=000000  Size=000000  Align=00001  Fill=0000
    ZEROPAGE          Offs=00001A  Size=000000  Align=00001  Fill=0000
    NULL              Offs=000000  Size=000000  Align=00001  Fill=0000
../build/clib_rom.tmp.lib(itoa.o):
    CODE              Offs=0008BA  Size=000094  Align=00001  Fill=0000
    RODATA            Offs=000220  Size=000007  Align=00001  Fill=0000
    BSS               Offs=000000  Size=000000  Align=00001  Fill=0000
    DATA              Offs=000000  Size=000000  Align=00001  Fill=0000
    ZEROPAGE          Offs=00001A  Size=000000  Align=00001  Fill=0000
    NULL              Offs=000000  Size=000000  Align=00001  Fill=0000
../build/clib_rom.tmp.lib(le.o):
    CODE              Offs=00094E  Size=00000A  Align=00001  Fill=0000
    RODATA            Offs=000227  Size=000000  Align=00001  Fill=0000
    BSS               Offs=000000  Size=000000  Align=00001  Fill=0000
    DATA              Offs=000000  Size=000000  Align=00001  Fill=0000
    ZEROPAGE          Offs=00001A  Size=000000  Align=00001  Fill=0000
    NULL              Offs=000000  Size=000000  Align=00001  Fill=0000
../build/clib_rom.tmp.lib(aslax3.o):
    CODE              Offs=000958  Size=00000E  Align=00001  Fill=0000
    RODATA            Offs=000227  Size=000000  Align=00001  Fill=0000
    BSS               Offs=000000  Size=000000  Align=00001  Fill=0000
    DATA              Offs=000000  Size=000000  Align=00001  Fill=0000
    ZEROPAGE          Offs=00001A  Size=000000  Align=00001  Fill=0000
    NULL              Offs=000000  Size=000000  Align=00001  Fill=0000
../build/clib_rom.tmp.lib(umod.o):
    CODE              Offs=000966  Size=000011  Align=00001  Fill=0000
    RODATA            Offs=000227  Size=000000  Align=00001  Fill=0000
    BSS               Offs=000000  Size=000000  Align=00001  Fill=0000
    DATA              Offs=000000  Size=000000  Align=00001  Fill=0000
    ZEROPAGE          Offs=00001A  Size=000000  Align=00001  Fill=0000
    NULL              Offs=000000  Size=000000  Align=00001  Fill=0000
../build/clib_rom.tmp.lib(aslax2.o):
    CODE              Offs=000977  Size=00000B  Align=00001  Fill=0000
    RODATA            Offs=000227  Size=000000  Align=00001  Fill=0000
    BSS               Offs=000000  Size=000000  Align=00001  Fill=0000
    DATA              Offs=000000  Size=000000  Align=00001  Fill=0000
    ZEROPAGE          Offs=00001A  Size=000000  Align=00001  Fill=0000
    NULL              Offs=000000  Size=000000  Align=00001  Fill=0000
../build/clib_rom.tmp.lib(strlower.o):
    CODE              Offs=000982  Size=000027  Align=00001  Fill=0000
    RODATA            Offs=000227  Size=000000  Align=00001  Fill=0000
    BSS               Offs=000000  Size=000000  Align=00001  Fill=0000
    DATA              Offs=000000  Size=000000  Align=00001  Fill=0000
    ZEROPAGE          Offs=00001A  Size=000000  Align=00001  Fill=0000
    NULL              Offs=000000  Size=000000  Align=00001  Fill=0000
../build/clib_rom.tmp.lib(add.o):
    CODE              Offs=0009A9  Size=00001C  Align=00001  Fill=0000
    RODATA            Offs=000227  Size=000000  Align=00001  Fill=0000
    BSS               Offs=000000  Size=000000  Align=00001  Fill=0000
    DATA              Offs=000000  Size=000000  Align=00001  Fill=0000
    ZEROPAGE          Offs=00001A  Size=000000  Align=00001  Fill=0000
    NULL              Offs=000000  Size=000000  Align=00001  Fill=0000
../build/clib_rom.tmp.lib(os_generate_error.o):
    CODE              Offs=0009C5  Size=00002A  Align=00001  Fill=0000
    RODATA            Offs=000227  Size=000000  Align=00001  Fill=0000
    BSS               Offs=000000  Size=000000  Align=00001  Fill=0000
    DATA              Offs=000000  Size=000000  Align=00001  Fill=0000
    ZEROPAGE          Offs=00001A  Size=000000  Align=00001  Fill=0000
    NULL              Offs=000000  Size=000000  Align=00001  Fill=0000
../build/clib_rom.tmp.lib(lsub.o):
    CODE              Offs=0009EF  Size=000027  Align=00001  Fill=0000
    RODATA            Offs=000227  Size=000000  Align=00001  Fill=0000
    BSS               Offs=000000  Size=000000  Align=00001  Fill=0000
    DATA              Offs=000000  Size=000000  Align=00001  Fill=0000
    ZEROPAGE          Offs=00001A  Size=000000  Align=00001  Fill=0000
    NULL              Offs=000000  Size=000000  Align=00001  Fill=0000
../build/clib_rom.tmp.lib(idiv32by16r16.o):
    CODE              Offs=000A16  Size=000030  Align=00001  Fill=0000
    RODATA            Offs=000227  Size=000000  Align=00001  Fill=0000
    BSS               Offs=000000  Size=000000  Align=00001  Fill=0000
    DATA              Offs=000000  Size=000000  Align=00001  Fill=0000
    ZEROPAGE          Offs=00001A  Size=000000  Align=00001  Fill=0000
    NULL              Offs=000000  Size=000000  Align=00001  Fill=0000
../build/clib_rom.tmp.lib(osfile_store_len.o):
    CODE              Offs=000A46  Size=000006  Align=00001  Fill=0000
    RODATA            Offs=000227  Size=000000  Align=00001  Fill=0000
    BSS               Offs=000000  Size=000000  Align=00001  Fill=0000
    DATA              Offs=000000  Size=000000  Align=00001  Fill=0000
    ZEROPAGE          Offs=00001A  Size=000000  Align=00001  Fill=0000
    NULL              Offs=000000  Size=000000  Align=00001  Fill=0000
../build/clib_rom.tmp.lib(swap.o):
    CODE              Offs=000A4C  Size=000017  Align=00001  Fill=0000
    RODATA            Offs=000227  Size=000000  Align=00001  Fill=0000
    BSS               Offs=000000  Size=000000  Align=00001  Fill=0000
    DATA              Offs=000000  Size=000000  Align=00001  Fill=0000
    ZEROPAGE          Offs=00001A  Size=000000  Align=00001  Fill=0000
    NULL              Offs=000000  Size=000000  Align=00001  Fill=0000
../build/clib_rom.tmp.lib(popa.o):
    CODE              Offs=000A63  Size=00000C  Align=00001  Fill=0000
    RODATA            Offs=000227  Size=000000  Align=00001  Fill=0000
    BSS               Offs=000000  Size=000000  Align=00001  Fill=0000
    DATA              Offs=000000  Size=000000  Align=00001  Fill=0000
    ZEROPAGE          Offs=00001A  Size=000000  Align=00001  Fill=0000
    NULL              Offs=000000  Size=000000  Align=00001  Fill=0000
../build/clib_rom.tmp.lib(incsp2.o):
    CODE              Offs=000A6F  Size=000016  Align=00001  Fill=0000
    RODATA            Offs=000227  Size=000000  Align=00001  Fill=0000
    BSS               Offs=000000  Size=000000  Align=00001  Fill=0000
    DATA              Offs=000000  Size=000000  Align=00001  Fill=0000
    ZEROPAGE          Offs=00001A  Size=000000  Align=00001  Fill=0000
    NULL              Offs=000000  Size=000000  Align=00001  Fill=0000
../build/clib_rom.tmp.lib(shreax4.o):
    CODE              Offs=000A85  Size=000011  Align=00001  Fill=0000
    RODATA            Offs=000227  Size=000000  Align=00001  Fill=0000
    BSS               Offs=000000  Size=000000  Align=00001  Fill=0000
    DATA              Offs=000000  Size=000000  Align=00001  Fill=0000
    ZEROPAGE          Offs=00001A  Size=000000  Align=00001  Fill=0000
    NULL              Offs=000000  Size=000000  Align=00001  Fill=0000
../build/clib_rom.tmp.lib(ispunct.o):
    CODE              Offs=000A96  Size=00000E  Align=00001  Fill=0000
    RODATA            Offs=000227  Size=000000  Align=00001  Fill=0000
    BSS               Offs=000000  Size=000000  Align=00001  Fill=0000
    DATA              Offs=000000  Size=000000  Align=00001  Fill=0000
    ZEROPAGE          Offs=00001A  Size=000000  Align=00001  Fill=0000
    NULL              Offs=000000  Size=000000  Align=00001  Fill=0000
../build/clib_rom.tmp.lib(strcmp.o):
    CODE              Offs=000AA4  Size=000021  Align=00001  Fill=0000
    RODATA            Offs=000227  Size=000000  Align=00001  Fill=0000
    BSS               Offs=000000  Size=000000  Align=00001  Fill=0000
    DATA              Offs=000000  Size=000000  Align=00001  Fill=0000
    ZEROPAGE          Offs=00001A  Size=000000  Align=00001  Fill=0000
    NULL              Offs=000000  Size=000000  Align=00001  Fill=0000
../build/clib_rom.tmp.lib(negabs.o):
    CODE              Offs=000AC5  Size=000012  Align=00001  Fill=0000
    RODATA            Offs=000227  Size=000000  Align=00001  Fill=0000
    BSS               Offs=000000  Size=000000  Align=00001  Fill=0000
    DATA              Offs=000000  Size=000000  Align=00001  Fill=0000
    ZEROPAGE          Offs=00001A  Size=000000  Align=00001  Fill=0000
    NULL              Offs=000000  Size=000000  Align=00001  Fill=0000
../build/clib_rom.tmp.lib(udiv.o):
    CODE              Offs=000AD7  Size=00004F  Align=00001  Fill=0000
    RODATA            Offs=000227  Size=000000  Align=00001  Fill=0000
    BSS               Offs=000000  Size=000000  Align=00001  Fill=0000
    DATA              Offs=000000  Size=000000  Align=00001  Fill=0000
    ZEROPAGE          Offs=00001A  Size=000000  Align=00001  Fill=0000
    NULL              Offs=000000  Size=000000  Align=00001  Fill=0000
../build/clib_rom.tmp.lib(closedir.o):
    CODE              Offs=000B26  Size=00001D  Align=00001  Fill=0000
    RODATA            Offs=000227  Size=000000  Align=00001  Fill=0000
    BSS               Offs=000000  Size=000000  Align=00001  Fill=0000
    DATA              Offs=000000  Size=000000  Align=00001  Fill=0000
    ZEROPAGE          Offs=00001A  Size=000000  Align=00001  Fill=0000
    NULL              Offs=000000  Size=000000  Align=00001  Fill=0000
../build/clib_rom.tmp.lib(divt.o):
    CODE              Offs=000B43  Size=000015  Align=00001  Fill=0000
    RODATA            Offs=000227  Size=000000  Align=00001  Fill=0000
    BSS               Offs=000000  Size=000000  Align=00001  Fill=0000
    DATA              Offs=000000  Size=000000  Align=00001  Fill=0000
    ZEROPAGE          Offs=00001A  Size=000000  Align=00001  Fill=0000
    NULL              Offs=000000  Size=000000  Align=00001  Fill=0000
../build/clib_rom.tmp.lib(lshelp.o):
    CODE              Offs=000B58  Size=000052  Align=00001  Fill=0000
    RODATA            Offs=000227  Size=000000  Align=00001  Fill=0000
    BSS               Offs=000000  Size=000000  Align=00001  Fill=0000
    DATA              Offs=000000  Size=000000  Align=00001  Fill=0000
    ZEROPAGE          Offs=00001A  Size=000000  Align=00001  Fill=0000
    NULL              Offs=000000  Size=000000  Align=00001  Fill=0000
../build/clib_rom.tmp.lib(asleax1.o):
    CODE              Offs=000BAA  Size=00000C  Align=00001  Fill=0000
    RODATA            Offs=000227  Size=000000  Align=00001  Fill=0000
    BSS               Offs=000000  Size=000000  Align=00001  Fill=0000
    DATA              Offs=000000  Size=000000  Align=00001  Fill=0000
    ZEROPAGE          Offs=00001A  Size=000000  Align=00001  Fill=0000
    NULL              Offs=000000  Size=000000  Align=00001  Fill=0000
../build/clib_rom.tmp.lib(mulax5.o):
    CODE              Offs=000BB6  Size=000014  Align=00001  Fill=0000
    RODATA            Offs=000227  Size=000000  Align=00001  Fill=0000
    BSS               Offs=000000  Size=000000  Align=00001  Fill=0000
    DATA              Offs=000000  Size=000000  Align=00001  Fill=0000
    ZEROPAGE          Offs=00001A  Size=000000  Align=00001  Fill=0000
    NULL              Offs=000000  Size=000000  Align=00001  Fill=0000
../build/clib_rom.tmp.lib(ldai.o):
    CODE              Offs=000BCA  Size=00000C  Align=00001  Fill=0000
    RODATA            Offs=000227  Size=000000  Align=00001  Fill=0000
    BSS               Offs=000000  Size=000000  Align=00001  Fill=0000
    DATA              Offs=000000  Size=000000  Align=00001  Fill=0000
    ZEROPAGE          Offs=00001A  Size=000000  Align=00001  Fill=0000
    NULL              Offs=000000  Size=000000  Align=00001  Fill=0000
../build/clib_rom.tmp.lib(ugt.o):
    CODE              Offs=000BD6  Size=00000A  Align=00001  Fill=0000
    RODATA            Offs=000227  Size=000000  Align=00001  Fill=0000
    BSS               Offs=000000  Size=000000  Align=00001  Fill=0000
    DATA              Offs=000000  Size=000000  Align=00001  Fill=0000
    ZEROPAGE          Offs=00001A  Size=000000  Align=00001  Fill=0000
    NULL              Offs=000000  Size=000000  Align=00001  Fill=0000
../build/clib_rom.tmp.lib(ltoa.o):
    CODE              Offs=000BE0  Size=000095  Align=00001  Fill=0000
    RODATA            Offs=000227  Size=000000  Align=00001  Fill=0000
    BSS               Offs=000000  Size=000000  Align=00001  Fill=0000
    DATA              Offs=000000  Size=000000  Align=00001  Fill=0000
    ZEROPAGE          Offs=00001A  Size=000000  Align=00001  Fill=0000
    NULL              Offs=000000  Size=000000  Align=00001  Fill=0000
../build/clib_rom.tmp.lib(bneg.o):
    CODE              Offs=000C75  Size=00000E  Align=00001  Fill=0000
    RODATA            Offs=000227  Size=000000  Align=00001  Fill=0000
    BSS               Offs=000000  Size=000000  Align=00001  Fill=0000
    DATA              Offs=000000  Size=000000  Align=00001  Fill=0000
    ZEROPAGE          Offs=00001A  Size=000000  Align=00001  Fill=0000
    NULL              Offs=000000  Size=000000  Align=00001  Fill=0000
../build/clib_rom.tmp.lib(ule.o):
    CODE              Offs=000C83  Size=00000A  Align=00001  Fill=0000
    RODATA            Offs=000227  Size=000000  Align=00001  Fill=0000
    BSS               Offs=000000  Size=000000  Align=00001  Fill=0000
    DATA              Offs=000000  Size=000000  Align=00001  Fill=0000
    ZEROPAGE          Offs=00001A  Size=000000  Align=00001  Fill=0000
    NULL              Offs=000000  Size=000000  Align=00001  Fill=0000
../build/clib_rom.tmp.lib(incax7.o):
    CODE              Offs=000C8D  Size=000005  Align=00001  Fill=0000
    RODATA            Offs=000227  Size=000000  Align=00001  Fill=0000
    BSS               Offs=000000  Size=000000  Align=00001  Fill=0000
    DATA              Offs=000000  Size=000000  Align=00001  Fill=0000
    ZEROPAGE          Offs=00001A  Size=000000  Align=00001  Fill=0000
    NULL              Offs=000000  Size=000000  Align=00001  Fill=0000
../build/clib_rom.tmp.lib(incax3.o):
    CODE              Offs=000C92  Size=000005  Align=00001  Fill=0000
    RODATA            Offs=000227  Size=000000  Align=00001  Fill=0000
    BSS               Offs=000000  Size=000000  Align=00001  Fill=0000
    DATA              Offs=000000  Size=000000  Align=00001  Fill=0000
    ZEROPAGE          Offs=00001A  Size=000000  Align=00001  Fill=0000
    NULL              Offs=000000  Size=000000  Align=00001  Fill=0000
../build/clib_rom.tmp.lib(lmod.o):
    CODE              Offs=000C97  Size=000020  Align=00001  Fill=0000
    RODATA            Offs=000227  Size=000000  Align=00001  Fill=0000
    BSS               Offs=000000  Size=000000  Align=00001  Fill=0000
    DATA              Offs=000000  Size=000000  Align=00001  Fill=0000
    ZEROPAGE          Offs=00001A  Size=000000  Align=00001  Fill=0000
    NULL              Offs=000000  Size=000000  Align=00001  Fill=0000
../build/clib_rom.tmp.lib(longjmp.o):
    CODE              Offs=000CB7  Size=000028  Align=00001  Fill=0000
    RODATA            Offs=000227  Size=000000  Align=00001  Fill=0000
    BSS               Offs=000000  Size=000000  Align=00001  Fill=0000
    DATA              Offs=000000  Size=000000  Align=00001  Fill=0000
    ZEROPAGE          Offs=00001A  Size=000000  Align=00001  Fill=0000
    NULL              Offs=000000  Size=000000  Align=00001  Fill=0000
../build/clib_rom.tmp.lib(decsp2.o):
    CODE              Offs=000CDF  Size=00000D  Align=00001  Fill=0000
    RODATA            Offs=000227  Size=000000  Align=00001  Fill=0000
    BSS               Offs=000000  Size=000000  Align=00001  Fill=0000
    DATA              Offs=000000  Size=000000  Align=00001  Fill=0000
    ZEROPAGE          Offs=00001A  Size=000000  Align=00001  Fill=0000
    NULL              Offs=000000  Size=000000  Align=00001  Fill=0000
../build/clib_rom.tmp.lib(decsp3.o):
    CODE              Offs=000CEC  Size=00000D  Align=00001  Fill=0000
    RODATA            Offs=000227  Size=000000  Align=00001  Fill=0000
    BSS               Offs=000000  Size=000000  Align=00001  Fill=0000
    DATA              Offs=000000  Size=000000  Align=00001  Fill=0000
    ZEROPAGE          Offs=00001A  Size=000000  Align=00001  Fill=0000
    NULL              Offs=000000  Size=000000  Align=00001  Fill=0000
../build/clib_rom.tmp.lib(osfile_ret_read_delete_load.o):
    CODE              Offs=000CF9  Size=000046  Align=00001  Fill=0000
    RODATA            Offs=000227  Size=000000  Align=00001  Fill=0000
    BSS               Offs=000000  Size=000000  Align=00001  Fill=0000
    DATA              Offs=000000  Size=000000  Align=00001  Fill=0000
    ZEROPAGE          Offs=00001A  Size=000000  Align=00001  Fill=0000
    NULL              Offs=000000  Size=000000  Align=00001  Fill=0000
../build/clib_rom.tmp.lib(pusha.o):
    CODE              Offs=000D3F  Size=000016  Align=00001  Fill=0000
    RODATA            Offs=000227  Size=000000  Align=00001  Fill=0000
    BSS               Offs=000000  Size=000000  Align=00001  Fill=0000
    DATA              Offs=000000  Size=000000  Align=00001  Fill=0000
    ZEROPAGE          Offs=00001A  Size=000000  Align=00001  Fill=0000
    NULL              Offs=000000  Size=000000  Align=00001  Fill=0000
../build/clib_rom.tmp.lib(rwcommon.o):
    CODE              Offs=000D55  Size=000024  Align=00001  Fill=0000
    RODATA            Offs=000227  Size=000000  Align=00001  Fill=0000
    BSS               Offs=000000  Size=000000  Align=00001  Fill=0000
    DATA              Offs=000000  Size=000000  Align=00001  Fill=0000
    ZEROPAGE          Offs=00001A  Size=000000  Align=00001  Fill=0000
    NULL              Offs=000000  Size=000000  Align=00001  Fill=0000
../build/clib_rom.tmp.lib(shl.o):
    CODE              Offs=000D79  Size=000033  Align=00001  Fill=0000
    RODATA            Offs=000227  Size=000000  Align=00001  Fill=0000
    BSS               Offs=000000  Size=000000  Align=00001  Fill=0000
    DATA              Offs=000000  Size=000000  Align=00001  Fill=0000
    ZEROPAGE          Offs=00001A  Size=000000  Align=00001  Fill=0000
    NULL              Offs=000000  Size=000000  Align=00001  Fill=0000
../build/clib_rom.tmp.lib(pushc1.o):
    CODE              Offs=000DAC  Size=000005  Align=00001  Fill=0000
    RODATA            Offs=000227  Size=000000  Align=00001  Fill=0000
    BSS               Offs=000000  Size=000000  Align=00001  Fill=0000
    DATA              Offs=000000  Size=000000  Align=00001  Fill=0000
    ZEROPAGE          Offs=00001A  Size=000000  Align=00001  Fill=0000
    NULL              Offs=000000  Size=000000  Align=00001  Fill=0000
../build/clib_rom.tmp.lib(lle.o):
    CODE              Offs=000DB1  Size=000006  Align=00001  Fill=0000
    RODATA            Offs=000227  Size=000000  Align=00001  Fill=0000
    BSS               Offs=000000  Size=000000  Align=00001  Fill=0000
    DATA              Offs=000000  Size=000000  Align=00001  Fill=0000
    ZEROPAGE          Offs=00001A  Size=000000  Align=00001  Fill=0000
    NULL              Offs=000000  Size=000000  Align=00001  Fill=0000
../build/clib_rom.tmp.lib(lumod.o):
    CODE              Offs=000DB7  Size=000019  Align=00001  Fill=0000
    RODATA            Offs=000227  Size=000000  Align=00001  Fill=0000
    BSS               Offs=000000  Size=000000  Align=00001  Fill=0000
    DATA              Offs=000000  Size=000000  Align=00001  Fill=0000
    ZEROPAGE          Offs=00001A  Size=000000  Align=00001  Fill=0000
    NULL              Offs=000000  Size=000000  Align=00001  Fill=0000
../build/clib_rom.tmp.lib(toascii.o):
    CODE              Offs=000DD0  Size=000003  Align=00001  Fill=0000
    RODATA            Offs=000227  Size=000000  Align=00001  Fill=0000
    BSS               Offs=000000  Size=000000  Align=00001  Fill=0000
    DATA              Offs=000000  Size=000000  Align=00001  Fill=0000
    ZEROPAGE          Offs=00001A  Size=000000  Align=00001  Fill=0000
    NULL              Offs=000000  Size=000000  Align=00001  Fill=0000
../build/clib_rom.tmp.lib(kbhit.o):
    CODE              Offs=000DD3  Size=000010  Align=00001  Fill=0000
    RODATA            Offs=000227  Size=000000  Align=00001  Fill=0000
    BSS               Offs=000000  Size=000000  Align=00001  Fill=0000
    DATA              Offs=000000  Size=000000  Align=00001  Fill=0000
    ZEROPAGE          Offs=00001A  Size=000000  Align=00001  Fill=0000
    NULL              Offs=000000  Size=000000  Align=00001  Fill=0000
../build/clib_rom.tmp.lib(lgt.o):
    CODE              Offs=000DE3  Size=000006  Align=00001  Fill=0000
    RODATA            Offs=000227  Size=000000  Align=00001  Fill=0000
    BSS               Offs=000000  Size=000000  Align=00001  Fill=0000
    DATA              Offs=000000  Size=000000  Align=00001  Fill=0000
    ZEROPAGE          Offs=00001A  Size=000000  Align=00001  Fill=0000
    NULL              Offs=000000  Size=000000  Align=00001  Fill=0000
../build/clib_rom.tmp.lib(addysp.o):
    CODE              Offs=000DE9  Size=00000E  Align=00001  Fill=0000
    RODATA            Offs=000227  Size=000000  Align=00001  Fill=0000
    BSS               Offs=000000  Size=000000  Align=00001  Fill=0000
    DATA              Offs=000000  Size=000000  Align=00001  Fill=0000
    ZEROPAGE          Offs=00001A  Size=000000  Align=00001  Fill=0000
    NULL              Offs=000000  Size=000000  Align=00001  Fill=0000
../build/clib_rom.tmp.lib(umul16x16r32.o):
    CODE              Offs=000DF7  Size=00002C  Align=00001  Fill=0000
    RODATA            Offs=000227  Size=000000  Align=00001  Fill=0000
    BSS               Offs=000000  Size=000000  Align=00001  Fill=0000
    DATA              Offs=000000  Size=000000  Align=00001  Fill=0000
    ZEROPAGE          Offs=00001A  Size=000000  Align=00001  Fill=0000
    NULL              Offs=000000  Size=000000  Align=00001  Fill=0000
../build/clib_rom.tmp.lib(memset.o):
    CODE              Offs=000E23  Size=00005D  Align=00001  Fill=0000
    RODATA            Offs=000227  Size=000000  Align=00001  Fill=0000
    BSS               Offs=000000  Size=000000  Align=00001  Fill=0000
    DATA              Offs=000000  Size=000000  Align=00001  Fill=0000
    ZEROPAGE          Offs=00001A  Size=000000  Align=00001  Fill=0000
    NULL              Offs=000000  Size=000000  Align=00001  Fill=0000
../build/clib_rom.tmp.lib(isprint.o):
    CODE              Offs=000E80  Size=00000A  Align=00001  Fill=0000
    RODATA            Offs=000227  Size=000000  Align=00001  Fill=0000
    BSS               Offs=000000  Size=000000  Align=00001  Fill=0000
    DATA              Offs=000000  Size=000000  Align=00001  Fill=0000
    ZEROPAGE          Offs=00001A  Size=000000  Align=00001  Fill=0000
    NULL              Offs=000000  Size=000000  Align=00001  Fill=0000
../build/clib_rom.tmp.lib(strupper.o):
    CODE              Offs=000E8A  Size=000027  Align=00001  Fill=0000
    RODATA            Offs=000227  Size=000000  Align=00001  Fill=0000
    BSS               Offs=000000  Size=000000  Align=00001  Fill=0000
    DATA              Offs=000000  Size=000000  Align=00001  Fill=0000
    ZEROPAGE          Offs=00001A  Size=000000  Align=00001  Fill=0000
    NULL              Offs=000000  Size=000000  Align=00001  Fill=0000
../build/clib_rom.tmp.lib(lor.o):
    CODE              Offs=000EB1  Size=000024  Align=00001  Fill=0000
    RODATA            Offs=000227  Size=000000  Align=00001  Fill=0000
    BSS               Offs=000000  Size=000000  Align=00001  Fill=0000
    DATA              Offs=000000  Size=000000  Align=00001  Fill=0000
    ZEROPAGE          Offs=00001A  Size=000000  Align=00001  Fill=0000
    NULL              Offs=000000  Size=000000  Align=00001  Fill=0000
../build/clib_rom.tmp.lib(lge.o):
    CODE              Offs=000ED5  Size=000006  Align=00001  Fill=0000
    RODATA            Offs=000227  Size=000000  Align=00001  Fill=0000
    BSS               Offs=000000  Size=000000  Align=00001  Fill=0000
    DATA              Offs=000000  Size=000000  Align=00001  Fill=0000
    ZEROPAGE          Offs=00001A  Size=000000  Align=00001  Fill=0000
    NULL              Offs=000000  Size=000000  Align=00001  Fill=0000
../build/clib_rom.tmp.lib(toupper.o):
    CODE              Offs=000EDB  Size=000012  Align=00001  Fill=0000
    RODATA            Offs=000227  Size=000000  Align=00001  Fill=0000
    BSS               Offs=000000  Size=000000  Align=00001  Fill=0000
    DATA              Offs=000000  Size=000000  Align=00001  Fill=0000
    ZEROPAGE          Offs=00001A  Size=000000  Align=00001  Fill=0000
    NULL              Offs=000000  Size=000000  Align=00001  Fill=0000
../build/clib_rom.tmp.lib(sincos.o):
    CODE              Offs=000EED  Size=000053  Align=00001  Fill=0000
    RODATA            Offs=000227  Size=000057  Align=00001  Fill=0000
    BSS               Offs=000000  Size=000000  Align=00001  Fill=0000
    DATA              Offs=000000  Size=000000  Align=00001  Fill=0000
    ZEROPAGE          Offs=00001A  Size=000000  Align=00001  Fill=0000
    NULL              Offs=000000  Size=000000  Align=00001  Fill=0000
../build/clib_rom.tmp.lib(mulax6.o):
    CODE              Offs=000F40  Size=000016  Align=00001  Fill=0000
    RODATA            Offs=00027E  Size=000000  Align=00001  Fill=0000
    BSS               Offs=000000  Size=000000  Align=00001  Fill=0000
    DATA              Offs=000000  Size=000000  Align=00001  Fill=0000
    ZEROPAGE          Offs=00001A  Size=000000  Align=00001  Fill=0000
    NULL              Offs=000000  Size=000000  Align=00001  Fill=0000
../build/clib_rom.tmp.lib(decsp5.o):
    CODE              Offs=000F56  Size=00000D  Align=00001  Fill=0000
    RODATA            Offs=00027E  Size=000000  Align=00001  Fill=0000
    BSS               Offs=000000  Size=000000  Align=00001  Fill=0000
    DATA              Offs=000000  Size=000000  Align=00001  Fill=0000
    ZEROPAGE          Offs=00001A  Size=000000  Align=00001  Fill=0000
    NULL              Offs=000000  Size=000000  Align=00001  Fill=0000
../build/clib_rom.tmp.lib(decax5.o):
    CODE              Offs=000F63  Size=000007  Align=00001  Fill=0000
    RODATA            Offs=00027E  Size=000000  Align=00001  Fill=0000
    BSS               Offs=000000  Size=000000  Align=00001  Fill=0000
    DATA              Offs=000000  Size=000000  Align=00001  Fill=0000
    ZEROPAGE          Offs=00001A  Size=000000  Align=00001  Fill=0000
    NULL              Offs=000000  Size=000000  Align=00001  Fill=0000
../build/clib_rom.tmp.lib(labs.o):
    CODE              Offs=000F6A  Size=000008  Align=00001  Fill=0000
    RODATA            Offs=00027E  Size=000000  Align=00001  Fill=0000
    BSS               Offs=000000  Size=000000  Align=00001  Fill=0000
    DATA              Offs=000000  Size=000000  Align=00001  Fill=0000
    ZEROPAGE          Offs=00001A  Size=000000  Align=00001  Fill=0000
    NULL              Offs=000000  Size=000000  Align=00001  Fill=0000
../build/clib_rom.tmp.lib(llt.o):
    CODE              Offs=000F72  Size=000006  Align=00001  Fill=0000
    RODATA            Offs=00027E  Size=000000  Align=00001  Fill=0000
    BSS               Offs=000000  Size=000000  Align=00001  Fill=0000
    DATA              Offs=000000  Size=000000  Align=00001  Fill=0000
    ZEROPAGE          Offs=00001A  Size=000000  Align=00001  Fill=0000
    NULL              Offs=000000  Size=000000  Align=00001  Fill=0000
../build/clib_rom.tmp.lib(strcpy.o):
    CODE              Offs=000F78  Size=00001F  Align=00001  Fill=0000
    RODATA            Offs=00027E  Size=000000  Align=00001  Fill=0000
    BSS               Offs=000000  Size=000000  Align=00001  Fill=0000
    DATA              Offs=000000  Size=000000  Align=00001  Fill=0000
    ZEROPAGE          Offs=00001A  Size=000000  Align=00001  Fill=0000
    NULL              Offs=000000  Size=000000  Align=00001  Fill=0000
../build/clib_rom.tmp.lib(ult.o):
    CODE              Offs=000F97  Size=000008  Align=00001  Fill=0000
    RODATA            Offs=00027E  Size=000000  Align=00001  Fill=0000
    BSS               Offs=000000  Size=000000  Align=00001  Fill=0000
    DATA              Offs=000000  Size=000000  Align=00001  Fill=0000
    ZEROPAGE          Offs=00001A  Size=000000  Align=00001  Fill=0000
    NULL              Offs=000000  Size=000000  Align=00001  Fill=0000
../build/clib_rom.tmp.lib(pushc0.o):
    CODE              Offs=000F9F  Size=000005  Align=00001  Fill=0000
    RODATA            Offs=00027E  Size=000000  Align=00001  Fill=0000
    BSS               Offs=000000  Size=000000  Align=00001  Fill=0000
    DATA              Offs=000000  Size=000000  Align=00001  Fill=0000
    ZEROPAGE          Offs=00001A  Size=000000  Align=00001  Fill=0000
    NULL              Offs=000000  Size=000000  Align=00001  Fill=0000
../build/clib_rom.tmp.lib(lxor.o):
    CODE              Offs=000FA4  Size=000024  Align=00001  Fill=0000
    RODATA            Offs=00027E  Size=000000  Align=00001  Fill=0000
    BSS               Offs=000000  Size=000000  Align=00001  Fill=0000
    DATA              Offs=000000  Size=000000  Align=00001  Fill=0000
    ZEROPAGE          Offs=00001A  Size=000000  Align=00001  Fill=0000
    NULL              Offs=000000  Size=000000  Align=00001  Fill=0000
../build/clib_rom.tmp.lib(doesclrscr.o):
    CODE              Offs=000FC8  Size=000000  Align=00001  Fill=0000
    RODATA            Offs=00027E  Size=000000  Align=00001  Fill=0000
[...]
    clib_rom.o                ../build/libwrk/clib_imports.inc(1662)
steax0sp (steaxsp.o):
    clib_rom.o                ../build/libwrk/clib_imports.inc(1666)
steaxspidx (steaxspi.o):
    clib_rom.o                ../build/libwrk/clib_imports.inc(1670)
steaxysp (steaxsp.o):
    osfile_store_attr.o       libsrc/bbc/oslib/osfile_store_attr.s(10)
    osfile_store_len.o        libsrc/bbc/oslib/osfile_store_len.s(10)
    osfile_store_load.o       libsrc/bbc/oslib/osfile_store_load.s(10)
    osfile_store_exec.o       libsrc/bbc/oslib/osfile_store_exec.s(10)
    clib_rom.o                ../build/libwrk/clib_imports.inc(1674)
subeq0sp (subeqsp.o):
    clib_rom.o                ../build/libwrk/clib_imports.inc(1678)
subeqysp (subeqsp.o):
    clib_rom.o                ../build/libwrk/clib_imports.inc(1682)
subysp (subysp.o):
    preservezp.o              libsrc/bbc/preservezp.s(2)
    osfile_alloc_block.o      libsrc/bbc/oslib/osfile_alloc_block.s(9)
    clib_rom.o                ../build/libwrk/clib_imports.inc(1686)
swapstk (swap.o):
    clib_rom.o                ../build/libwrk/clib_imports.inc(1690)
tmp1 (zeropage.o):
    lbneg.o                   libsrc/runtime/lbneg.s(8)
    asleax4.o                 libsrc/runtime/asleax4.s(8)
    lasr.o                    libsrc/runtime/lasr.s(16)
    shrax2.o                  libsrc/runtime/shrax2.s(8)
    strnicmp.o                libsrc/common/strnicmp.s(11)
    aslax1.o                  libsrc/runtime/aslax1.s(8)
    asreax3.o                 libsrc/runtime/asreax3.s(8)
    rsub.o                    libsrc/runtime/rsub.s(10)
    getcpu.o                  /mnt/c/Users/Dominic/Documents/GitHub/cc65/asminc/zeropage.inc(13)
    mul.o                     libsrc/runtime/mul.s(10)
    asleax3.o                 libsrc/runtime/asleax3.s(8)
    shreax1.o                 libsrc/runtime/shreax1.s(8)
    ladd.o                    libsrc/runtime/ladd.s(9)
    lshl.o                    libsrc/runtime/lshl.s(16)
    div.o                     libsrc/runtime/div.s(12)
    land.o                    libsrc/runtime/land.s(10)
    strspn.o                  libsrc/common/strspn.s(10)
    lz4.o                     libsrc/common/lz4.s(11)
    ldiv.o                    libsrc/runtime/ldiv.s(12)
    atoi.o                    libsrc/common/atoi.s(10)
    ltest.o                   libsrc/runtime/ltest.s(8)
    asrax4.o                  libsrc/runtime/asrax4.s(9)
    ldec.o                    libsrc/runtime/ldec.s(9)
    asleax2.o                 libsrc/runtime/asleax2.s(8)
    regswap.o                 libsrc/runtime/regswap.s(8)
    lbcast.o                  libsrc/runtime/lbcast.s(8)
    strrchr.o                 libsrc/common/strrchr.s(10)
    asrax2.o                  libsrc/runtime/asrax2.s(8)
    strncat.o                 libsrc/common/strncat.s(10)
    asrax1.o                  libsrc/runtime/asrax1.s(8)
    lshr.o                    libsrc/runtime/lshr.s(16)
    lxor.o                    libsrc/runtime/lxor.s(10)
    lor.o                     libsrc/runtime/lor.s(10)
    shl.o                     libsrc/runtime/shl.s(16)
    osfile_ret_read_delete_load.o libsrc/bbc/oslib/osfile_ret_read_delete_load.s(21)
    lmod.o                    libsrc/runtime/lmod.s(12)
    ltoa.o                    libsrc/common/ltoa.s(11)
    asleax1.o                 libsrc/runtime/asleax1.s(8)
    lshelp.o                  libsrc/runtime/lshelp.s(12)
    divt.o                    libsrc/common/divt.s(18)
    shreax4.o                 libsrc/runtime/shreax4.s(8)
    idiv32by16r16.o           /mnt/c/Users/Dominic/Documents/GitHub/cc65/asminc/zeropage.inc(13)
    add.o                     libsrc/runtime/add.s(12)
    aslax2.o                  libsrc/runtime/aslax2.s(8)
    aslax3.o                  libsrc/runtime/aslax3.s(8)
    itoa.o                    libsrc/common/itoa.s(11)
    mod.o                     libsrc/runtime/mod.s(12)
    shrax1.o                  libsrc/runtime/shrax1.s(8)
    aslax4.o                  libsrc/runtime/aslax4.s(8)
    shreax2.o                 libsrc/runtime/shreax2.s(8)
    asreax1.o                 libsrc/runtime/asreax1.s(8)
    staxspi.o                 libsrc/runtime/staxspi.s(10)
    strncpy.o                 libsrc/common/strncpy.s(9)
    shrax4.o                  libsrc/runtime/shrax4.s(8)
    steaxspi.o                libsrc/runtime/steaxspi.s(10)
    or.o                      libsrc/runtime/or.s(10)
    asr.o                     libsrc/runtime/asr.s(16)
    asrax3.o                  libsrc/runtime/asrax3.s(9)
    asreax4.o                 libsrc/runtime/asreax4.s(8)
    shelp.o                   libsrc/runtime/shelp.s(12)
    imul16x16r32.o            /mnt/c/Users/Dominic/Documents/GitHub/cc65/asminc/zeropage.inc(13)
    stricmp.o                 libsrc/common/stricmp.s(16)
    xor.o                     libsrc/runtime/xor.s(10)
    decaxy.o                  libsrc/runtime/decaxy.s(8)
    lrsub.o                   libsrc/runtime/lrsub.s(13)
    shrax3.o                  libsrc/runtime/shrax3.s(8)
    strstr.o                  libsrc/common/strstr.s(9)
    incaxy.o                  libsrc/runtime/incaxy.s(8)
    utscopy.o                 libsrc/common/utscopy.s(16)
    strcspn.o                 libsrc/common/strcspn.s(10)
    asreax2.o                 libsrc/runtime/asreax2.s(8)
    strchr.o                  libsrc/common/strchr.s(10)
    shreax3.o                 libsrc/runtime/shreax3.s(8)
    shr.o                     libsrc/runtime/shr.s(16)
    staspidx.o                libsrc/runtime/staspidx.s(9)
tmp2 (zeropage.o):
    strnicmp.o                libsrc/common/strnicmp.s(11)
    div.o                     libsrc/runtime/div.s(12)
    lmul.o                    libsrc/runtime/lmul.s(10)
    strpbrk.o                 libsrc/common/strpbrk.s(11)
    strspn.o                  libsrc/common/strspn.s(10)
    lz4.o                     libsrc/common/lz4.s(11)
    ldiv.o                    libsrc/runtime/ldiv.s(12)
    strrchr.o                 libsrc/common/strrchr.s(10)
    strncat.o                 libsrc/common/strncat.s(10)
    rwcommon.o                libsrc/bbc/rwcommon.s(12)
    lshelp.o                  libsrc/runtime/lshelp.s(12)
    strncpy.o                 libsrc/common/strncpy.s(9)
    steaxspi.o                libsrc/runtime/steaxspi.s(10)
    shelp.o                   libsrc/runtime/shelp.s(12)
    stricmp.o                 libsrc/common/stricmp.s(16)
    strcspn.o                 libsrc/common/strcspn.s(10)
tmp3 (zeropage.o):
    ludiv.o                   libsrc/runtime/ludiv.s(10)
    lmul.o                    libsrc/runtime/lmul.s(10)
    strpbrk.o                 libsrc/common/strpbrk.s(11)
    lumod.o                   libsrc/runtime/lumod.s(10)
    lmod.o                    libsrc/runtime/lmod.s(12)
    strncpy.o                 libsrc/common/strncpy.s(9)
    strcat.o                  libsrc/common/strcat.s(10)
    steaxspi.o                libsrc/runtime/steaxspi.s(10)
tmp4 (zeropage.o):
    mul40.o                   libsrc/common/mul40.s(16)
    ludiv.o                   libsrc/runtime/ludiv.s(10)
    lmul.o                    libsrc/runtime/lmul.s(10)
    mul20.o                   libsrc/common/mul20.s(16)
    lumod.o                   libsrc/runtime/lumod.s(10)
    lmod.o                    libsrc/runtime/lmod.s(12)
tosadd0ax (ladd.o):
    clib_rom.o                ../build/libwrk/clib_imports.inc(1694)
tosadda0 (add.o):
    clib_rom.o                ../build/libwrk/clib_imports.inc(1698)
tosaddax (add.o):
    clib_rom.o                ../build/libwrk/clib_imports.inc(1702)
tosaddeax (ladd.o):
    clib_rom.o                ../build/libwrk/clib_imports.inc(1706)
tosand0ax (land.o):
    clib_rom.o                ../build/libwrk/clib_imports.inc(1710)
tosanda0 (and.o):
    clib_rom.o                ../build/libwrk/clib_imports.inc(1714)
tosandax (and.o):
    clib_rom.o                ../build/libwrk/clib_imports.inc(1718)
tosandeax (land.o):
    clib_rom.o                ../build/libwrk/clib_imports.inc(1722)
tosaslax (shl.o):
    clib_rom.o                ../build/libwrk/clib_imports.inc(1726)
tosasleax (lshl.o):
    clib_rom.o                ../build/libwrk/clib_imports.inc(1730)
tosasrax (asr.o):
    clib_rom.o                ../build/libwrk/clib_imports.inc(1734)
tosasreax (lasr.o):
    clib_rom.o                ../build/libwrk/clib_imports.inc(1738)
tosdiv0ax (ldiv.o):
    clib_rom.o                ../build/libwrk/clib_imports.inc(1742)
tosdiva0 (div.o):
    clib_rom.o                ../build/libwrk/clib_imports.inc(1746)
tosdivax (div.o):
    divt.o                    libsrc/common/divt.s(17)
    clib_rom.o                ../build/libwrk/clib_imports.inc(1750)
tosdiveax (ldiv.o):
    clib_rom.o                ../build/libwrk/clib_imports.inc(1754)
toseq00 (eq.o):
    clib_rom.o                ../build/libwrk/clib_imports.inc(1758)
toseqa0 (eq.o):
    clib_rom.o                ../build/libwrk/clib_imports.inc(1762)
toseqax (eq.o):
    clib_rom.o                ../build/libwrk/clib_imports.inc(1766)
toseqeax (leq.o):
    clib_rom.o                ../build/libwrk/clib_imports.inc(1770)
tosge00 (ge.o):
    clib_rom.o                ../build/libwrk/clib_imports.inc(1774)
tosgea0 (ge.o):
    clib_rom.o                ../build/libwrk/clib_imports.inc(1778)
tosgeax (ge.o):
    clib_rom.o                ../build/libwrk/clib_imports.inc(1782)
tosgeeax (lge.o):
    clib_rom.o                ../build/libwrk/clib_imports.inc(1786)
tosgt00 (gt.o):
    clib_rom.o                ../build/libwrk/clib_imports.inc(1790)
tosgta0 (gt.o):
    clib_rom.o                ../build/libwrk/clib_imports.inc(1794)
tosgtax (gt.o):
    clib_rom.o                ../build/libwrk/clib_imports.inc(1798)
tosgteax (lgt.o):
    clib_rom.o                ../build/libwrk/clib_imports.inc(1802)
tosicmp (icmp.o):
    gt.o                      libsrc/runtime/gt.s(8)
    eq.o                      libsrc/runtime/eq.s(8)
    lt.o                      libsrc/runtime/lt.s(8)
    uge.o                     libsrc/runtime/uge.s(8)
    ult.o                     libsrc/runtime/ult.s(8)
    ule.o                     libsrc/runtime/ule.s(8)
    ugt.o                     libsrc/runtime/ugt.s(8)
    le.o                      libsrc/runtime/le.s(8)
    ne.o                      libsrc/runtime/ne.s(8)
    ge.o                      libsrc/runtime/ge.s(8)
    clib_rom.o                ../build/libwrk/clib_imports.inc(1806)
tosicmp0 (icmp.o):
    clib_rom.o                ../build/libwrk/clib_imports.inc(1810)
tosint (tosint.o):
    clib_rom.o                ../build/libwrk/clib_imports.inc(1814)
toslcmp (lcmp.o):
    lne.o                     libsrc/runtime/lne.s(8)
    lugt.o                    libsrc/runtime/lugt.s(8)
    lule.o                    libsrc/runtime/lule.s(8)
    lult.o                    libsrc/runtime/lult.s(8)
    llt.o                     libsrc/runtime/llt.s(8)
    lge.o                     libsrc/runtime/lge.s(8)
    lgt.o                     libsrc/runtime/lgt.s(8)
    lle.o                     libsrc/runtime/lle.s(8)
    luge.o                    libsrc/runtime/luge.s(8)
    leq.o                     libsrc/runtime/leq.s(8)
    clib_rom.o                ../build/libwrk/clib_imports.inc(1818)
tosle00 (le.o):
    clib_rom.o                ../build/libwrk/clib_imports.inc(1822)
toslea0 (le.o):
    clib_rom.o                ../build/libwrk/clib_imports.inc(1826)
tosleax (le.o):
    clib_rom.o                ../build/libwrk/clib_imports.inc(1830)
tosleeax (lle.o):
    clib_rom.o                ../build/libwrk/clib_imports.inc(1834)
toslong (toslong.o):
    clib_rom.o                ../build/libwrk/clib_imports.inc(1838)
toslt00 (lt.o):
    clib_rom.o                ../build/libwrk/clib_imports.inc(1842)
toslta0 (lt.o):
    clib_rom.o                ../build/libwrk/clib_imports.inc(1846)
tosltax (lt.o):
    clib_rom.o                ../build/libwrk/clib_imports.inc(1850)
toslteax (llt.o):
    clib_rom.o                ../build/libwrk/clib_imports.inc(1854)
tosmod0ax (lmod.o):
    clib_rom.o                ../build/libwrk/clib_imports.inc(1858)
tosmoda0 (mod.o):
    clib_rom.o                ../build/libwrk/clib_imports.inc(1862)
tosmodax (mod.o):
    clib_rom.o                ../build/libwrk/clib_imports.inc(1866)
tosmodeax (lmod.o):
    clib_rom.o                ../build/libwrk/clib_imports.inc(1870)
tosmul0ax (lmul.o):
    clib_rom.o                ../build/libwrk/clib_imports.inc(1874)
tosmula0 (mul8.o):
    clib_rom.o                ../build/libwrk/clib_imports.inc(1878)
tosmulax (mul.o):
    clib_rom.o                ../build/libwrk/clib_imports.inc(1882)
tosmuleax (lmul.o):
    clib_rom.o                ../build/libwrk/clib_imports.inc(1886)
tosne00 (ne.o):
    clib_rom.o                ../build/libwrk/clib_imports.inc(1890)
tosnea0 (ne.o):
    clib_rom.o                ../build/libwrk/clib_imports.inc(1894)
tosneax (ne.o):
    clib_rom.o                ../build/libwrk/clib_imports.inc(1898)
tosneeax (lne.o):
    clib_rom.o                ../build/libwrk/clib_imports.inc(1902)
tosor0ax (lor.o):
    clib_rom.o                ../build/libwrk/clib_imports.inc(1906)
tosora0 (or.o):
    clib_rom.o                ../build/libwrk/clib_imports.inc(1910)
tosorax (or.o):
    clib_rom.o                ../build/libwrk/clib_imports.inc(1914)
tosoreax (lor.o):
    clib_rom.o                ../build/libwrk/clib_imports.inc(1918)
tosrsub0ax (lrsub.o):
    clib_rom.o                ../build/libwrk/clib_imports.inc(1922)
tosrsuba0 (rsub.o):
    clib_rom.o                ../build/libwrk/clib_imports.inc(1926)
tosrsubax (rsub.o):
    clib_rom.o                ../build/libwrk/clib_imports.inc(1930)
tosrsubeax (lrsub.o):
    clib_rom.o                ../build/libwrk/clib_imports.inc(1934)
tosshlax (shl.o):
    clib_rom.o                ../build/libwrk/clib_imports.inc(1938)
tosshleax (lshl.o):
    clib_rom.o                ../build/libwrk/clib_imports.inc(1942)
tosshrax (shr.o):
    clib_rom.o                ../build/libwrk/clib_imports.inc(1946)
tosshreax (lshr.o):
    clib_rom.o                ../build/libwrk/clib_imports.inc(1950)
tossub0ax (lsub.o):
    clib_rom.o                ../build/libwrk/clib_imports.inc(1954)
tossuba0 (sub.o):
    clib_rom.o                ../build/libwrk/clib_imports.inc(1958)
tossubax (sub.o):
    clib_rom.o                ../build/libwrk/clib_imports.inc(1962)
tossubeax (lsub.o):
    clib_rom.o                ../build/libwrk/clib_imports.inc(1966)
tosudiv0ax (ludiv.o):
    clib_rom.o                ../build/libwrk/clib_imports.inc(1970)
tosudiva0 (udiv.o):
    clib_rom.o                ../build/libwrk/clib_imports.inc(1974)
tosudivax (udiv.o):
    clib_rom.o                ../build/libwrk/clib_imports.inc(1978)
tosudiveax (ludiv.o):
    clib_rom.o                ../build/libwrk/clib_imports.inc(1982)
tosuge00 (uge.o):
    clib_rom.o                ../build/libwrk/clib_imports.inc(1986)
tosugea0 (uge.o):
    clib_rom.o                ../build/libwrk/clib_imports.inc(1990)
tosugeax (uge.o):
    clib_rom.o                ../build/libwrk/clib_imports.inc(1994)
tosugeeax (luge.o):
    clib_rom.o                ../build/libwrk/clib_imports.inc(1998)
tosugt00 (ugt.o):
    clib_rom.o                ../build/libwrk/clib_imports.inc(2002)
tosugta0 (ugt.o):
    clib_rom.o                ../build/libwrk/clib_imports.inc(2006)
tosugtax (ugt.o):
    clib_rom.o                ../build/libwrk/clib_imports.inc(2010)
tosugteax (lugt.o):
    clib_rom.o                ../build/libwrk/clib_imports.inc(2014)
tosule00 (ule.o):
    clib_rom.o                ../build/libwrk/clib_imports.inc(2018)
tosulea0 (ule.o):
    clib_rom.o                ../build/libwrk/clib_imports.inc(2022)
tosuleax (ule.o):
    clib_rom.o                ../build/libwrk/clib_imports.inc(2026)
tosuleeax (lule.o):
    clib_rom.o                ../build/libwrk/clib_imports.inc(2030)
tosulong (toslong.o):
    clib_rom.o                ../build/libwrk/clib_imports.inc(2034)
tosult00 (ult.o):
    clib_rom.o                ../build/libwrk/clib_imports.inc(2038)
tosulta0 (ult.o):
    clib_rom.o                ../build/libwrk/clib_imports.inc(2042)
tosultax (ult.o):
    clib_rom.o                ../build/libwrk/clib_imports.inc(2046)
tosulteax (lult.o):
    clib_rom.o                ../build/libwrk/clib_imports.inc(2050)
tosumod0ax (lumod.o):
    clib_rom.o                ../build/libwrk/clib_imports.inc(2054)
tosumoda0 (umod.o):
    clib_rom.o                ../build/libwrk/clib_imports.inc(2058)
tosumodax (umod.o):
    clib_rom.o                ../build/libwrk/clib_imports.inc(2062)
tosumodeax (lumod.o):
    clib_rom.o                ../build/libwrk/clib_imports.inc(2066)
tosumul0ax (lmul.o):
    clib_rom.o                ../build/libwrk/clib_imports.inc(2070)
tosumula0 (mul8.o):
    clib_rom.o                ../build/libwrk/clib_imports.inc(2074)
tosumulax (mul.o):
    clib_rom.o                ../build/libwrk/clib_imports.inc(2078)
tosumuleax (lmul.o):
    clib_rom.o                ../build/libwrk/clib_imports.inc(2082)
tosxor0ax (lxor.o):
    clib_rom.o                ../build/libwrk/clib_imports.inc(2086)
tosxora0 (xor.o):
    clib_rom.o                ../build/libwrk/clib_imports.inc(2090)
tosxorax (xor.o):
    clib_rom.o                ../build/libwrk/clib_imports.inc(2094)
tosxoreax (lxor.o):
    clib_rom.o                ../build/libwrk/clib_imports.inc(2098)
tsteax (ltest.o):
    clib_rom.o                ../build/libwrk/clib_imports.inc(2102)
udiv16 (udiv.o):
    umod.o                    libsrc/runtime/umod.s(8)
    shelp.o                   libsrc/runtime/shelp.s(11)
    clib_rom.o                ../build/libwrk/clib_imports.inc(2106)
udiv32 (ludiv.o):
    ldiv.o                    libsrc/runtime/ldiv.s(11)
    lumod.o                   libsrc/runtime/lumod.s(9)
    lmod.o                    libsrc/runtime/lmod.s(11)
    clib_rom.o                ../build/libwrk/clib_imports.inc(2110)
udiv32by16r16 (udiv32by16r16.o):
    clib_rom.o                ../build/libwrk/clib_imports.inc(2114)
udiv32by16r16m (udiv32by16r16.o):
    idiv32by16r16.o           libsrc/runtime/idiv32by16r16.s(8)
    _udiv32by16r16.o          libsrc/common/_udiv32by16r16.s(8)
    clib_rom.o                ../build/libwrk/clib_imports.inc(2118)
umul16x16r16 (umul16x16r32.o):
    clib_rom.o                ../build/libwrk/clib_imports.inc(2122)
umul16x16r16m (umul16x16r32.o):
    clib_rom.o                ../build/libwrk/clib_imports.inc(2126)
umul16x16r32 (umul16x16r32.o):
    _umul16x16r32.o           libsrc/common/_umul16x16r32.s(8)
    clib_rom.o                ../build/libwrk/clib_imports.inc(2130)
umul16x16r32m (umul16x16r32.o):
    imul16x16r32.o            libsrc/runtime/imul16x16r32.s(8)
    clib_rom.o                ../build/libwrk/clib_imports.inc(2134)
umul8x16r16 (umul8x16r24.o):
    clib_rom.o                ../build/libwrk/clib_imports.inc(2138)
umul8x16r16m (umul8x16r24.o):
    clib_rom.o                ../build/libwrk/clib_imports.inc(2142)
umul8x16r24 (umul8x16r24.o):
    _umul16x8r32.o            libsrc/common/_umul16x8r32.s(8)
    clib_rom.o                ../build/libwrk/clib_imports.inc(2146)
umul8x16r24m (umul8x16r24.o):
    clib_rom.o                ../build/libwrk/clib_imports.inc(2150)
umul8x8r16 (umul8x8r16.o):
    _umul8x8r16.o             libsrc/common/_umul8x8r16.s(8)
    clib_rom.o                ../build/libwrk/clib_imports.inc(2154)
umul8x8r16m (umul8x8r16.o):
    clib_rom.o                ../build/libwrk/clib_imports.inc(2158)
utscopy (utscopy.o):
    sysuname.o                libsrc/bbc/sysuname.s(9)
    clib_rom.o                ../build/libwrk/clib_imports.inc(2162)
utsdata (sysuname.o):
    utscopy.o                 libsrc/common/utscopy.s(15)
    clib_rom.o                ../build/libwrk/clib_imports.inc(2166)
utsteax (ltest.o):
    clib_rom.o                ../build/libwrk/clib_imports.inc(2170)
xosfile_ret_read_delete_load (osfile_ret_read_delete_load.o):
    clib_rom.o                ../build/libwrk/clib_imports.inc(2174)

